Archive member included to satisfy reference by file (symbol)

c:/program files (x86)/ac6/systemworkbench/plugins/fr.ac6.mcu.externaltools.arm-none.win32_1.13.1.201701200843/tools/compiler/bin/../lib/gcc/arm-none-eabi/5.4.1/../../../../arm-none-eabi/lib/armv7e-m/fpu\libc_nano.a(lib_a-exit.o)
                              c:/program files (x86)/ac6/systemworkbench/plugins/fr.ac6.mcu.externaltools.arm-none.win32_1.13.1.201701200843/tools/compiler/bin/../lib/gcc/arm-none-eabi/5.4.1/../../../../arm-none-eabi/lib/armv7e-m/fpu/crt0.o (exit)
c:/program files (x86)/ac6/systemworkbench/plugins/fr.ac6.mcu.externaltools.arm-none.win32_1.13.1.201701200843/tools/compiler/bin/../lib/gcc/arm-none-eabi/5.4.1/../../../../arm-none-eabi/lib/armv7e-m/fpu\libc_nano.a(lib_a-impure.o)
                              c:/program files (x86)/ac6/systemworkbench/plugins/fr.ac6.mcu.externaltools.arm-none.win32_1.13.1.201701200843/tools/compiler/bin/../lib/gcc/arm-none-eabi/5.4.1/../../../../arm-none-eabi/lib/armv7e-m/fpu\libc_nano.a(lib_a-exit.o) (_global_impure_ptr)
c:/program files (x86)/ac6/systemworkbench/plugins/fr.ac6.mcu.externaltools.arm-none.win32_1.13.1.201701200843/tools/compiler/bin/../lib/gcc/arm-none-eabi/5.4.1/../../../../arm-none-eabi/lib/armv7e-m/fpu\libc_nano.a(lib_a-init.o)
                              c:/program files (x86)/ac6/systemworkbench/plugins/fr.ac6.mcu.externaltools.arm-none.win32_1.13.1.201701200843/tools/compiler/bin/../lib/gcc/arm-none-eabi/5.4.1/../../../../arm-none-eabi/lib/armv7e-m/fpu/crt0.o (__libc_init_array)
c:/program files (x86)/ac6/systemworkbench/plugins/fr.ac6.mcu.externaltools.arm-none.win32_1.13.1.201701200843/tools/compiler/bin/../lib/gcc/arm-none-eabi/5.4.1/../../../../arm-none-eabi/lib/armv7e-m/fpu\libc_nano.a(lib_a-memset.o)
                              c:/program files (x86)/ac6/systemworkbench/plugins/fr.ac6.mcu.externaltools.arm-none.win32_1.13.1.201701200843/tools/compiler/bin/../lib/gcc/arm-none-eabi/5.4.1/../../../../arm-none-eabi/lib/armv7e-m/fpu/crt0.o (memset)
c:/program files (x86)/ac6/systemworkbench/plugins/fr.ac6.mcu.externaltools.arm-none.win32_1.13.1.201701200843/tools/compiler/bin/../lib/gcc/arm-none-eabi/5.4.1/../../../../arm-none-eabi/lib/armv7e-m/fpu\libnosys.a(_exit.o)
                              c:/program files (x86)/ac6/systemworkbench/plugins/fr.ac6.mcu.externaltools.arm-none.win32_1.13.1.201701200843/tools/compiler/bin/../lib/gcc/arm-none-eabi/5.4.1/../../../../arm-none-eabi/lib/armv7e-m/fpu\libc_nano.a(lib_a-exit.o) (_exit)

Allocating common symbols
Common symbol       size              file

JumpAddress         0x4               Src/main.o
hpcd                0x3fc             Src/usbd_conf.o
uwTick              0x4               Drivers/STM32F4xx_HAL_Driver/Src/stm32f4xx_hal.o
pFlash              0x20              Drivers/STM32F4xx_HAL_Driver/Src/stm32f4xx_hal_flash.o
USBD_Device         0x224             Src/main.o
JumpToApplication   0x4               Src/main.o
USBD_StrDesc        0x100             Src/usbd_desc.o

Discarded input sections

 .text          0x00000000        0x0 c:/program files (x86)/ac6/systemworkbench/plugins/fr.ac6.mcu.externaltools.arm-none.win32_1.13.1.201701200843/tools/compiler/bin/../lib/gcc/arm-none-eabi/5.4.1/armv7e-m/fpu/crti.o
 .data          0x00000000        0x0 c:/program files (x86)/ac6/systemworkbench/plugins/fr.ac6.mcu.externaltools.arm-none.win32_1.13.1.201701200843/tools/compiler/bin/../lib/gcc/arm-none-eabi/5.4.1/armv7e-m/fpu/crti.o
 .bss           0x00000000        0x0 c:/program files (x86)/ac6/systemworkbench/plugins/fr.ac6.mcu.externaltools.arm-none.win32_1.13.1.201701200843/tools/compiler/bin/../lib/gcc/arm-none-eabi/5.4.1/armv7e-m/fpu/crti.o
 .data          0x00000000        0x4 c:/program files (x86)/ac6/systemworkbench/plugins/fr.ac6.mcu.externaltools.arm-none.win32_1.13.1.201701200843/tools/compiler/bin/../lib/gcc/arm-none-eabi/5.4.1/armv7e-m/fpu/crtbegin.o
 .text          0x00000000       0x74 c:/program files (x86)/ac6/systemworkbench/plugins/fr.ac6.mcu.externaltools.arm-none.win32_1.13.1.201701200843/tools/compiler/bin/../lib/gcc/arm-none-eabi/5.4.1/../../../../arm-none-eabi/lib/armv7e-m/fpu/crt0.o
 .data          0x00000000        0x0 c:/program files (x86)/ac6/systemworkbench/plugins/fr.ac6.mcu.externaltools.arm-none.win32_1.13.1.201701200843/tools/compiler/bin/../lib/gcc/arm-none-eabi/5.4.1/../../../../arm-none-eabi/lib/armv7e-m/fpu/crt0.o
 .bss           0x00000000        0x0 c:/program files (x86)/ac6/systemworkbench/plugins/fr.ac6.mcu.externaltools.arm-none.win32_1.13.1.201701200843/tools/compiler/bin/../lib/gcc/arm-none-eabi/5.4.1/../../../../arm-none-eabi/lib/armv7e-m/fpu/crt0.o
 .ARM.extab     0x00000000        0x0 c:/program files (x86)/ac6/systemworkbench/plugins/fr.ac6.mcu.externaltools.arm-none.win32_1.13.1.201701200843/tools/compiler/bin/../lib/gcc/arm-none-eabi/5.4.1/../../../../arm-none-eabi/lib/armv7e-m/fpu/crt0.o
[...]
Memory Configuration

Name             Origin             Length             Attributes
RAM              0x20000000         0x00020000         xrw
FLASH            0x08000000         0x00080000         xr
*default*        0x00000000         0xffffffff

Linker script and memory map

LOAD c:/program files (x86)/ac6/systemworkbench/plugins/fr.ac6.mcu.externaltools.arm-none.win32_1.13.1.201701200843/tools/compiler/bin/../lib/gcc/arm-none-eabi/5.4.1/armv7e-m/fpu/crti.o
LOAD c:/program files (x86)/ac6/systemworkbench/plugins/fr.ac6.mcu.externaltools.arm-none.win32_1.13.1.201701200843/tools/compiler/bin/../lib/gcc/arm-none-eabi/5.4.1/armv7e-m/fpu/crtbegin.o
LOAD c:/program files (x86)/ac6/systemworkbench/plugins/fr.ac6.mcu.externaltools.arm-none.win32_1.13.1.201701200843/tools/compiler/bin/../lib/gcc/arm-none-eabi/5.4.1/../../../../arm-none-eabi/lib/armv7e-m/fpu/crt0.o
LOAD c:/program files (x86)/ac6/systemworkbench/plugins/fr.ac6.mcu.externaltools.arm-none.win32_1.13.1.201701200843/tools/compiler/bin/../lib/gcc/arm-none-eabi/5.4.1/../../../../arm-none-eabi/lib/armv7e-m/fpu\libm.a
LOAD Drivers/STM32F4xx_HAL_Driver/Src/stm32f4xx_hal.o
LOAD Drivers/STM32F4xx_HAL_Driver/Src/stm32f4xx_hal_cortex.o
LOAD Drivers/STM32F4xx_HAL_Driver/Src/stm32f4xx_hal_dma.o
LOAD Drivers/STM32F4xx_HAL_Driver/Src/stm32f4xx_hal_dma_ex.o
LOAD Drivers/STM32F4xx_HAL_Driver/Src/stm32f4xx_hal_flash.o
LOAD Drivers/STM32F4xx_HAL_Driver/Src/stm32f4xx_hal_flash_ex.o
LOAD Drivers/STM32F4xx_HAL_Driver/Src/stm32f4xx_hal_flash_ramfunc.o
LOAD Drivers/STM32F4xx_HAL_Driver/Src/stm32f4xx_hal_gpio.o
LOAD Drivers/STM32F4xx_HAL_Driver/Src/stm32f4xx_hal_pcd.o
LOAD Drivers/STM32F4xx_HAL_Driver/Src/stm32f4xx_hal_pcd_ex.o
LOAD Drivers/STM32F4xx_HAL_Driver/Src/stm32f4xx_hal_pwr.o
LOAD Drivers/STM32F4xx_HAL_Driver/Src/stm32f4xx_hal_pwr_ex.o
LOAD Drivers/STM32F4xx_HAL_Driver/Src/stm32f4xx_hal_rcc.o
LOAD Drivers/STM32F4xx_HAL_Driver/Src/stm32f4xx_hal_rcc_ex.o
LOAD Drivers/STM32F4xx_HAL_Driver/Src/stm32f4xx_hal_rtc.o
LOAD Drivers/STM32F4xx_HAL_Driver/Src/stm32f4xx_hal_rtc_ex.o
LOAD Drivers/STM32F4xx_HAL_Driver/Src/stm32f4xx_ll_usb.o
LOAD Middlewares/ST/STM32_USB_Device_Library/Class/DFU/Src/usbd_dfu.o
LOAD Middlewares/ST/STM32_USB_Device_Library/Core/Src/usbd_core.o
LOAD Middlewares/ST/STM32_USB_Device_Library/Core/Src/usbd_ctlreq.o
LOAD Middlewares/ST/STM32_USB_Device_Library/Core/Src/usbd_ioreq.o
LOAD Src/gpio.o
LOAD Src/main.o
LOAD Src/stm32f4xx_hal_msp.o
LOAD Src/stm32f4xx_it.o
LOAD Src/system_stm32f4xx.o
LOAD Src/usbd_conf.o
LOAD Src/usbd_desc.o
LOAD Src/usbd_dfu_flash.o
LOAD startup/startup_stm32f446xx.o
START GROUP
LOAD c:/program files (x86)/ac6/systemworkbench/plugins/fr.ac6.mcu.externaltools.arm-none.win32_1.13.1.201701200843/tools/compiler/bin/../lib/gcc/arm-none-eabi/5.4.1/armv7e-m/fpu\libgcc.a
LOAD c:/program files (x86)/ac6/systemworkbench/plugins/fr.ac6.mcu.externaltools.arm-none.win32_1.13.1.201701200843/tools/compiler/bin/../lib/gcc/arm-none-eabi/5.4.1/../../../../arm-none-eabi/lib/armv7e-m/fpu\libc_nano.a
END GROUP
START GROUP
LOAD c:/program files (x86)/ac6/systemworkbench/plugins/fr.ac6.mcu.externaltools.arm-none.win32_1.13.1.201701200843/tools/compiler/bin/../lib/gcc/arm-none-eabi/5.4.1/armv7e-m/fpu\libgcc.a
LOAD c:/program files (x86)/ac6/systemworkbench/plugins/fr.ac6.mcu.externaltools.arm-none.win32_1.13.1.201701200843/tools/compiler/bin/../lib/gcc/arm-none-eabi/5.4.1/../../../../arm-none-eabi/lib/armv7e-m/fpu\libc_nano.a
LOAD c:/program files (x86)/ac6/systemworkbench/plugins/fr.ac6.mcu.externaltools.arm-none.win32_1.13.1.201701200843/tools/compiler/bin/../lib/gcc/arm-none-eabi/5.4.1/../../../../arm-none-eabi/lib/armv7e-m/fpu\libnosys.a
END GROUP
START GROUP
LOAD c:/program files (x86)/ac6/systemworkbench/plugins/fr.ac6.mcu.externaltools.arm-none.win32_1.13.1.201701200843/tools/compiler/bin/../lib/gcc/arm-none-eabi/5.4.1/armv7e-m/fpu\libgcc.a
LOAD c:/program files (x86)/ac6/systemworkbench/plugins/fr.ac6.mcu.externaltools.arm-none.win32_1.13.1.201701200843/tools/compiler/bin/../lib/gcc/arm-none-eabi/5.4.1/../../../../arm-none-eabi/lib/armv7e-m/fpu\libc_nano.a
LOAD c:/program files (x86)/ac6/systemworkbench/plugins/fr.ac6.mcu.externaltools.arm-none.win32_1.13.1.201701200843/tools/compiler/bin/../lib/gcc/arm-none-eabi/5.4.1/../../../../arm-none-eabi/lib/armv7e-m/fpu\libnosys.a
END GROUP
LOAD c:/program files (x86)/ac6/systemworkbench/plugins/fr.ac6.mcu.externaltools.arm-none.win32_1.13.1.201701200843/tools/compiler/bin/../lib/gcc/arm-none-eabi/5.4.1/armv7e-m/fpu/crtend.o
LOAD c:/program files (x86)/ac6/systemworkbench/plugins/fr.ac6.mcu.externaltools.arm-none.win32_1.13.1.201701200843/tools/compiler/bin/../lib/gcc/arm-none-eabi/5.4.1/armv7e-m/fpu/crtn.o
                0x20020000                _estack = 0x20020000
                0x00000200                _Min_Heap_Size = 0x200
                0x00000400                _Min_Stack_Size = 0x400

.isr_vector     0x08000000      0x1c4
                0x08000000                . = ALIGN (0x4)
 *(.isr_vector)
 .isr_vector    0x08000000      0x1c4 startup/startup_stm32f446xx.o
                0x08000000                g_pfnVectors
                0x080001c4                . = ALIGN (0x4)

.text           0x080001c4     0x3b60
                0x080001c4                . = ALIGN (0x4)
 *(.text)
 .text          0x080001c4       0x5c c:/program files (x86)/ac6/systemworkbench/plugins/fr.ac6.mcu.externaltools.arm-none.win32_1.13.1.201701200843/tools/compiler/bin/../lib/gcc/arm-none-eabi/5.4.1/armv7e-m/fpu/crtbegin.o
 *(.text*)
 .text.HAL_InitTick
                0x08000220       0x28 Drivers/STM32F4xx_HAL_Driver/Src/stm32f4xx_hal.o
                0x08000220                HAL_InitTick
 .text.HAL_Init
                0x08000248       0x34 Drivers/STM32F4xx_HAL_Driver/Src/stm32f4xx_hal.o
                0x08000248                HAL_Init
 .text.HAL_IncTick
                0x0800027c       0x10 Drivers/STM32F4xx_HAL_Driver/Src/stm32f4xx_hal.o
                0x0800027c                HAL_IncTick
 .text.HAL_GetTick
                0x0800028c        0xc Drivers/STM32F4xx_HAL_Driver/Src/stm32f4xx_hal.o
                0x0800028c                HAL_GetTick
 .text.HAL_Delay
                0x08000298       0x1a Drivers/STM32F4xx_HAL_Driver/Src/stm32f4xx_hal.o
                0x08000298                HAL_Delay
 *fill*         0x080002b2        0x2 
 .text.HAL_NVIC_SetPriorityGrouping
                0x080002b4       0x24 Drivers/STM32F4xx_HAL_Driver/Src/stm32f4xx_hal_cortex.o
                0x080002b4                HAL_NVIC_SetPriorityGrouping
 .text.HAL_NVIC_SetPriority
                0x080002d8       0x68 Drivers/STM32F4xx_HAL_Driver/Src/stm32f4xx_hal_cortex.o
                0x080002d8                HAL_NVIC_SetPriority
 .text.HAL_NVIC_EnableIRQ
                0x08000340       0x18 Drivers/STM32F4xx_HAL_Driver/Src/stm32f4xx_hal_cortex.o
                0x08000340                HAL_NVIC_EnableIRQ
 .text.HAL_NVIC_DisableIRQ
                0x08000358       0x1c Drivers/STM32F4xx_HAL_Driver/Src/stm32f4xx_hal_cortex.o
                0x08000358                HAL_NVIC_DisableIRQ
 .text.HAL_SYSTICK_Config
                0x08000374       0x2c Drivers/STM32F4xx_HAL_Driver/Src/stm32f4xx_hal_cortex.o
                0x08000374                HAL_SYSTICK_Config
 .text.HAL_SYSTICK_CLKSourceConfig
                0x080003a0       0x18 Drivers/STM32F4xx_HAL_Driver/Src/stm32f4xx_hal_cortex.o
                0x080003a0                HAL_SYSTICK_CLKSourceConfig
 .text.FLASH_Program_Word
                0x080003b8       0x24 Drivers/STM32F4xx_HAL_Driver/Src/stm32f4xx_hal_flash.o
 .text.FLASH_Program_HalfWord
                0x080003dc       0x24 Drivers/STM32F4xx_HAL_Driver/Src/stm32f4xx_hal_flash.o
 .text.FLASH_SetErrorCode
                0x08000400       0x90 Drivers/STM32F4xx_HAL_Driver/Src/stm32f4xx_hal_flash.o
 .text.HAL_FLASH_Unlock
                0x08000490       0x24 Drivers/STM32F4xx_HAL_Driver/Src/stm32f4xx_hal_flash.o
                0x08000490                HAL_FLASH_Unlock
 .text.HAL_FLASH_Lock
                0x080004b4       0x14 Drivers/STM32F4xx_HAL_Driver/Src/stm32f4xx_hal_flash.o
                0x080004b4                HAL_FLASH_Lock
 .text.FLASH_WaitForLastOperation
                0x080004c8       0x54 Drivers/STM32F4xx_HAL_Driver/Src/stm32f4xx_hal_flash.o
                0x080004c8                FLASH_WaitForLastOperation
 .text.HAL_FLASH_Program
                0x0800051c       0xac Drivers/STM32F4xx_HAL_Driver/Src/stm32f4xx_hal_flash.o
                0x0800051c                HAL_FLASH_Program
 .text.FLASH_MassErase.isra.0
                0x080005c8       0x24 Drivers/STM32F4xx_HAL_Driver/Src/stm32f4xx_hal_flash_ex.o
 .text.FLASH_Erase_Sector
                0x080005ec       0x54 Drivers/STM32F4xx_HAL_Driver/Src/stm32f4xx_hal_flash_ex.o
                0x080005ec                FLASH_Erase_Sector
 .text.FLASH_FlushCaches
                0x08000640       0x58 Drivers/STM32F4xx_HAL_Driver/Src/stm32f4xx_hal_flash_ex.o
                0x08000640                FLASH_FlushCaches
 .text.HAL_FLASHEx_Erase
                0x08000698       0xa0 Drivers/STM32F4xx_HAL_Driver/Src/stm32f4xx_hal_flash_ex.o
                0x08000698                HAL_FLASHEx_Erase
 .text.HAL_GPIO_Init
                0x08000738      0x1b4 Drivers/STM32F4xx_HAL_Driver/Src/stm32f4xx_hal_gpio.o
                0x08000738                HAL_GPIO_Init
 .text.HAL_GPIO_ReadPin
                0x080008ec        0xc Drivers/STM32F4xx_HAL_Driver/Src/stm32f4xx_hal_gpio.o
                0x080008ec                HAL_GPIO_ReadPin
 .text.HAL_GPIO_WritePin
                0x080008f8        0x8 Drivers/STM32F4xx_HAL_Driver/Src/stm32f4xx_hal_gpio.o
                0x080008f8                HAL_GPIO_WritePin
 .text.HAL_PCD_Init
                0x08000900       0xe4 Drivers/STM32F4xx_HAL_Driver/Src/stm32f4xx_hal_pcd.o
                0x08000900                HAL_PCD_Init
 .text.HAL_PCD_Start
                0x080009e4       0x2a Drivers/STM32F4xx_HAL_Driver/Src/stm32f4xx_hal_pcd.o
                0x080009e4                HAL_PCD_Start
 .text.HAL_PCD_Stop
                0x08000a0e       0x30 Drivers/STM32F4xx_HAL_Driver/Src/stm32f4xx_hal_pcd.o
                0x08000a0e                HAL_PCD_Stop
 .text.HAL_PCD_IRQHandler
                0x08000a3e      0x4b2 Drivers/STM32F4xx_HAL_Driver/Src/stm32f4xx_hal_pcd.o
                0x08000a3e                HAL_PCD_IRQHandler
 .text.HAL_PCD_SetAddress
                0x08000ef0       0x24 Drivers/STM32F4xx_HAL_Driver/Src/stm32f4xx_hal_pcd.o
                0x08000ef0                HAL_PCD_SetAddress
 .text.HAL_PCD_EP_Open
                0x08000f14       0x5c Drivers/STM32F4xx_HAL_Driver/Src/stm32f4xx_hal_pcd.o
                0x08000f14                HAL_PCD_EP_Open
 .text.HAL_PCD_EP_Receive
                0x08000f70       0x62 Drivers/STM32F4xx_HAL_Driver/Src/stm32f4xx_hal_pcd.o
                0x08000f70                HAL_PCD_EP_Receive
 .text.HAL_PCD_EP_Transmit
                0x08000fd2       0x5a Drivers/STM32F4xx_HAL_Driver/Src/stm32f4xx_hal_pcd.o
                0x08000fd2                HAL_PCD_EP_Transmit
 .text.HAL_PCD_EP_SetStall
                0x0800102c       0x58 Drivers/STM32F4xx_HAL_Driver/Src/stm32f4xx_hal_pcd.o
                0x0800102c                HAL_PCD_EP_SetStall
 .text.HAL_PCD_EP_ClrStall
                0x08001084       0x4a Drivers/STM32F4xx_HAL_Driver/Src/stm32f4xx_hal_pcd.o
                0x08001084                HAL_PCD_EP_ClrStall
 .text.HAL_PCDEx_SetTxFiFo
                0x080010ce       0x42 Drivers/STM32F4xx_HAL_Driver/Src/stm32f4xx_hal_pcd_ex.o
                0x080010ce                HAL_PCDEx_SetTxFiFo
 .text.HAL_PCDEx_SetRxFiFo
                0x08001110        0x8 Drivers/STM32F4xx_HAL_Driver/Src/stm32f4xx_hal_pcd_ex.o
                0x08001110                HAL_PCDEx_SetRxFiFo
 .text.HAL_PCDEx_ActivateLPM
                0x08001118       0x26 Drivers/STM32F4xx_HAL_Driver/Src/stm32f4xx_hal_pcd_ex.o
                0x08001118                HAL_PCDEx_ActivateLPM
 .text.HAL_PCDEx_LPM_Callback
                0x0800113e        0x2 Drivers/STM32F4xx_HAL_Driver/Src/stm32f4xx_hal_pcd_ex.o
                0x0800113e                HAL_PCDEx_LPM_Callback
 .text.HAL_PWR_EnableBkUpAccess
                0x08001140       0x1c Drivers/STM32F4xx_HAL_Driver/Src/stm32f4xx_hal_pwr.o
                0x08001140                HAL_PWR_EnableBkUpAccess
 .text.HAL_PWR_DisableBkUpAccess
                0x0800115c       0x1c Drivers/STM32F4xx_HAL_Driver/Src/stm32f4xx_hal_pwr.o
                0x0800115c                HAL_PWR_DisableBkUpAccess
 .text.HAL_PWREx_EnableOverDrive
                0x08001178       0x98 Drivers/STM32F4xx_HAL_Driver/Src/stm32f4xx_hal_pwr_ex.o
                0x08001178                HAL_PWREx_EnableOverDrive
 .text.HAL_RCC_ClockConfig
                0x08001210      0x168 Drivers/STM32F4xx_HAL_Driver/Src/stm32f4xx_hal_rcc.o
                0x08001210                HAL_RCC_ClockConfig
 .text.HAL_RCC_GetHCLKFreq
                0x08001378        0xc Drivers/STM32F4xx_HAL_Driver/Src/stm32f4xx_hal_rcc.o
                0x08001378                HAL_RCC_GetHCLKFreq
 .text.HAL_RCCEx_PeriphCLKConfig
                0x08001384      0x5c4 Drivers/STM32F4xx_HAL_Driver/Src/stm32f4xx_hal_rcc_ex.o
                0x08001384                HAL_RCCEx_PeriphCLKConfig
 .text.HAL_RCC_OscConfig
                0x08001948      0x358 Drivers/STM32F4xx_HAL_Driver/Src/stm32f4xx_hal_rcc_ex.o
                0x08001948                HAL_RCC_OscConfig
 .text.HAL_RCC_GetSysClockFreq
                0x08001ca0       0xd0 Drivers/STM32F4xx_HAL_Driver/Src/stm32f4xx_hal_rcc_ex.o
                0x08001ca0                HAL_RCC_GetSysClockFreq
 .text.HAL_RTCEx_BKUPWrite
                0x08001d70        0xa Drivers/STM32F4xx_HAL_Driver/Src/stm32f4xx_hal_rtc_ex.o
                0x08001d70                HAL_RTCEx_BKUPWrite
 .text.HAL_RTCEx_BKUPRead
                0x08001d7a        0xa Drivers/STM32F4xx_HAL_Driver/Src/stm32f4xx_hal_rtc_ex.o
                0x08001d7a                HAL_RTCEx_BKUPRead
 .text.USB_CoreInit
                0x08001d84       0x6c Drivers/STM32F4xx_HAL_Driver/Src/stm32f4xx_ll_usb.o
                0x08001d84                USB_CoreInit
 .text.USB_EnableGlobalInt
                0x08001df0        0xc Drivers/STM32F4xx_HAL_Driver/Src/stm32f4xx_ll_usb.o
                0x08001df0                USB_EnableGlobalInt
 .text.USB_DisableGlobalInt
                0x08001dfc        0xc Drivers/STM32F4xx_HAL_Driver/Src/stm32f4xx_ll_usb.o
                0x08001dfc                USB_DisableGlobalInt
 .text.USB_SetCurrentMode
                0x08001e08       0x2c Drivers/STM32F4xx_HAL_Driver/Src/stm32f4xx_ll_usb.o
                0x08001e08                USB_SetCurrentMode
 .text.USB_DevInit
                0x08001e34      0x144 Drivers/STM32F4xx_HAL_Driver/Src/stm32f4xx_ll_usb.o
                0x08001e34                USB_DevInit
 .text.USB_FlushTxFifo
                0x08001f78       0x24 Drivers/STM32F4xx_HAL_Driver/Src/stm32f4xx_ll_usb.o
                0x08001f78                USB_FlushTxFifo
 .text.USB_FlushRxFifo
                0x08001f9c       0x20 Drivers/STM32F4xx_HAL_Driver/Src/stm32f4xx_ll_usb.o
                0x08001f9c                USB_FlushRxFifo
 .text.USB_SetDevSpeed
                0x08001fbc        0xe Drivers/STM32F4xx_HAL_Driver/Src/stm32f4xx_ll_usb.o
                0x08001fbc                USB_SetDevSpeed
 .text.USB_GetDevSpeed
                0x08001fca       0x36 Drivers/STM32F4xx_HAL_Driver/Src/stm32f4xx_ll_usb.o
                0x08001fca                USB_GetDevSpeed
 .text.USB_ActivateEndpoint
                0x08002000       0x82 Drivers/STM32F4xx_HAL_Driver/Src/stm32f4xx_ll_usb.o
                0x08002000                USB_ActivateEndpoint
 *fill*         0x08002082        0x2 
 .text.USB_EPStartXfer
                0x08002084      0x238 Drivers/STM32F4xx_HAL_Driver/Src/stm32f4xx_ll_usb.o
                0x08002084                USB_EPStartXfer
 .text.USB_EP0StartXfer
                0x080022bc      0x154 Drivers/STM32F4xx_HAL_Driver/Src/stm32f4xx_ll_usb.o
                0x080022bc                USB_EP0StartXfer
 .text.USB_WritePacket
                0x08002410       0x28 Drivers/STM32F4xx_HAL_Driver/Src/stm32f4xx_ll_usb.o
                0x08002410                USB_WritePacket
 .text.USB_ReadPacket
                0x08002438       0x1c Drivers/STM32F4xx_HAL_Driver/Src/stm32f4xx_ll_usb.o
                0x08002438                USB_ReadPacket
 .text.USB_EPSetStall
                0x08002454       0x64 Drivers/STM32F4xx_HAL_Driver/Src/stm32f4xx_ll_usb.o
                0x08002454                USB_EPSetStall
 .text.USB_EPClearStall
                0x080024b8       0x3c Drivers/STM32F4xx_HAL_Driver/Src/stm32f4xx_ll_usb.o
                0x080024b8                USB_EPClearStall
 .text.USB_StopDevice
                0x080024f4       0x42 Drivers/STM32F4xx_HAL_Driver/Src/stm32f4xx_ll_usb.o
                0x080024f4                USB_StopDevice
 .text.USB_SetDevAddress
                0x08002536       0x20 Drivers/STM32F4xx_HAL_Driver/Src/stm32f4xx_ll_usb.o
                0x08002536                USB_SetDevAddress
 .text.USB_DevConnect
                0x08002556       0x18 Drivers/STM32F4xx_HAL_Driver/Src/stm32f4xx_ll_usb.o
                0x08002556                USB_DevConnect
 .text.USB_DevDisconnect
                0x0800256e       0x18 Drivers/STM32F4xx_HAL_Driver/Src/stm32f4xx_ll_usb.o
                0x0800256e                USB_DevDisconnect
 .text.USB_ReadInterrupts
                0x08002586        0x8 Drivers/STM32F4xx_HAL_Driver/Src/stm32f4xx_ll_usb.o
                0x08002586                USB_ReadInterrupts
 .text.USB_ReadDevAllOutEpInterrupt
                0x0800258e       0x10 Drivers/STM32F4xx_HAL_Driver/Src/stm32f4xx_ll_usb.o
                0x0800258e                USB_ReadDevAllOutEpInterrupt
 .text.USB_ReadDevAllInEpInterrupt
                0x0800259e       0x10 Drivers/STM32F4xx_HAL_Driver/Src/stm32f4xx_ll_usb.o
                0x0800259e                USB_ReadDevAllInEpInterrupt
 .text.USB_ReadDevOutEPInterrupt
                0x080025ae       0x14 Drivers/STM32F4xx_HAL_Driver/Src/stm32f4xx_ll_usb.o
                0x080025ae                USB_ReadDevOutEPInterrupt
 .text.USB_ReadDevInEPInterrupt
                0x080025c2       0x20 Drivers/STM32F4xx_HAL_Driver/Src/stm32f4xx_ll_usb.o
                0x080025c2                USB_ReadDevInEPInterrupt
 .text.USB_GetMode
                0x080025e2        0x8 Drivers/STM32F4xx_HAL_Driver/Src/stm32f4xx_ll_usb.o
                0x080025e2                USB_GetMode
 .text.USB_ActivateSetup
                0x080025ea       0x36 Drivers/STM32F4xx_HAL_Driver/Src/stm32f4xx_ll_usb.o
                0x080025ea                USB_ActivateSetup
 .text.USB_EP0_OutStart
                0x08002620       0x46 Drivers/STM32F4xx_HAL_Driver/Src/stm32f4xx_ll_usb.o
                0x08002620                USB_EP0_OutStart
 *fill*         0x08002666        0x2 
 .text.USB_CoreReset
                0x08002668       0x30 Drivers/STM32F4xx_HAL_Driver/Src/stm32f4xx_ll_usb.o
 .text.USBD_DFU_GetCfgDesc
                0x08002698        0xc Middlewares/ST/STM32_USB_Device_Library/Class/DFU/Src/usbd_dfu.o
 .text.USBD_DFU_SOF
                0x080026a4        0x4 Middlewares/ST/STM32_USB_Device_Library/Class/DFU/Src/usbd_dfu.o
 .text.USBD_DFU_DataOut
                0x080026a8        0x4 Middlewares/ST/STM32_USB_Device_Library/Class/DFU/Src/usbd_dfu.o
 .text.USBD_DFU_GetDeviceQualifierDesc
                0x080026ac        0xc Middlewares/ST/STM32_USB_Device_Library/Class/DFU/Src/usbd_dfu.o
 .text.USBD_DFU_GetUsrStringDesc
                0x080026b8       0x20 Middlewares/ST/STM32_USB_Device_Library/Class/DFU/Src/usbd_dfu.o
 .text.USBD_DFU_EP0_TxReady
                0x080026d8      0x164 Middlewares/ST/STM32_USB_Device_Library/Class/DFU/Src/usbd_dfu.o
 .text.USBD_DFU_DeInit
                0x0800283c       0x3e Middlewares/ST/STM32_USB_Device_Library/Class/DFU/Src/usbd_dfu.o
 *fill*         0x0800287a        0x2 
 .text.USBD_DFU_Init
                0x0800287c       0x60 Middlewares/ST/STM32_USB_Device_Library/Class/DFU/Src/usbd_dfu.o
 .text.USBD_DFU_Setup
                0x080028dc      0x334 Middlewares/ST/STM32_USB_Device_Library/Class/DFU/Src/usbd_dfu.o
 .text.USBD_DFU_IsoOutIncomplete
                0x08002c10        0x4 Middlewares/ST/STM32_USB_Device_Library/Class/DFU/Src/usbd_dfu.o
 .text.USBD_DFU_DataIn
                0x08002c14        0x4 Middlewares/ST/STM32_USB_Device_Library/Class/DFU/Src/usbd_dfu.o
 .text.USBD_DFU_IsoINIncomplete
                0x08002c18        0x4 Middlewares/ST/STM32_USB_Device_Library/Class/DFU/Src/usbd_dfu.o
 .text.USBD_DFU_EP0_RxReady
                0x08002c1c        0x4 Middlewares/ST/STM32_USB_Device_Library/Class/DFU/Src/usbd_dfu.o
 .text.USBD_DFU_RegisterMedia
                0x08002c20        0xa Middlewares/ST/STM32_USB_Device_Library/Class/DFU/Src/usbd_dfu.o
                0x08002c20                USBD_DFU_RegisterMedia
 .text.USBD_Init
                0x08002c2a       0x2a Middlewares/ST/STM32_USB_Device_Library/Core/Src/usbd_core.o
                0x08002c2a                USBD_Init
 .text.USBD_RegisterClass
                0x08002c54        0xe Middlewares/ST/STM32_USB_Device_Library/Core/Src/usbd_core.o
                0x08002c54                USBD_RegisterClass
 .text.USBD_Start
                0x08002c62        0xa Middlewares/ST/STM32_USB_Device_Library/Core/Src/usbd_core.o
                0x08002c62                USBD_Start
 .text.USBD_Stop
                0x08002c6c       0x18 Middlewares/ST/STM32_USB_Device_Library/Core/Src/usbd_core.o
                0x08002c6c                USBD_Stop
 .text.USBD_SetClassConfig
                0x08002c84       0x16 Middlewares/ST/STM32_USB_Device_Library/Core/Src/usbd_core.o
                0x08002c84                USBD_SetClassConfig
 .text.USBD_ClrClassConfig
                0x08002c9a        0xe Middlewares/ST/STM32_USB_Device_Library/Core/Src/usbd_core.o
                0x08002c9a                USBD_ClrClassConfig
 .text.USBD_LL_SetupStage
                0x08002ca8       0x5a Middlewares/ST/STM32_USB_Device_Library/Core/Src/usbd_core.o
                0x08002ca8                USBD_LL_SetupStage
 .text.USBD_LL_DataOutStage
                0x08002d02       0x62 Middlewares/ST/STM32_USB_Device_Library/Core/Src/usbd_core.o
                0x08002d02                USBD_LL_DataOutStage
 .text.USBD_LL_DataInStage
                0x08002d64       0x9c Middlewares/ST/STM32_USB_Device_Library/Core/Src/usbd_core.o
                0x08002d64                USBD_LL_DataInStage
 .text.USBD_LL_Reset
                0x08002e00       0x3e Middlewares/ST/STM32_USB_Device_Library/Core/Src/usbd_core.o
                0x08002e00                USBD_LL_Reset
 .text.USBD_LL_SetSpeed
                0x08002e3e        0x6 Middlewares/ST/STM32_USB_Device_Library/Core/Src/usbd_core.o
                0x08002e3e                USBD_LL_SetSpeed
 .text.USBD_LL_Suspend
                0x08002e44       0x12 Middlewares/ST/STM32_USB_Device_Library/Core/Src/usbd_core.o
                0x08002e44                USBD_LL_Suspend
 .text.USBD_LL_Resume
                0x08002e56        0xc Middlewares/ST/STM32_USB_Device_Library/Core/Src/usbd_core.o
                0x08002e56                USBD_LL_Resume
 .text.USBD_LL_SOF
                0x08002e62       0x18 Middlewares/ST/STM32_USB_Device_Library/Core/Src/usbd_core.o
                0x08002e62                USBD_LL_SOF
 .text.USBD_LL_IsoINIncomplete
                0x08002e7a        0x4 Middlewares/ST/STM32_USB_Device_Library/Core/Src/usbd_core.o
                0x08002e7a                USBD_LL_IsoINIncomplete
 .text.USBD_LL_IsoOUTIncomplete
                0x08002e7e        0x4 Middlewares/ST/STM32_USB_Device_Library/Core/Src/usbd_core.o
                0x08002e7e                USBD_LL_IsoOUTIncomplete
 .text.USBD_LL_DevConnected
                0x08002e82        0x4 Middlewares/ST/STM32_USB_Device_Library/Core/Src/usbd_core.o
                0x08002e82                USBD_LL_DevConnected
 .text.USBD_LL_DevDisconnected
                0x08002e86       0x16 Middlewares/ST/STM32_USB_Device_Library/Core/Src/usbd_core.o
                0x08002e86                USBD_LL_DevDisconnected
 .text.USBD_ParseSetupRequest
                0x08002e9c       0x28 Middlewares/ST/STM32_USB_Device_Library/Core/Src/usbd_ctlreq.o
                0x08002e9c                USBD_ParseSetupRequest
 .text.USBD_CtlError
                0x08002ec4       0x16 Middlewares/ST/STM32_USB_Device_Library/Core/Src/usbd_ctlreq.o
                0x08002ec4                USBD_CtlError
 *fill*         0x08002eda        0x2 
 .text.USBD_StdDevReq
                0x08002edc      0x220 Middlewares/ST/STM32_USB_Device_Library/Core/Src/usbd_ctlreq.o
                0x08002edc                USBD_StdDevReq
 .text.USBD_StdItfReq
                0x080030fc       0x30 Middlewares/ST/STM32_USB_Device_Library/Core/Src/usbd_ctlreq.o
                0x080030fc                USBD_StdItfReq
 .text.USBD_StdEPReq
                0x0800312c       0xc6 Middlewares/ST/STM32_USB_Device_Library/Core/Src/usbd_ctlreq.o
                0x0800312c                USBD_StdEPReq
 .text.USBD_GetString
                0x080031f2       0x38 Middlewares/ST/STM32_USB_Device_Library/Core/Src/usbd_ctlreq.o
                0x080031f2                USBD_GetString
 .text.USBD_CtlSendData
                0x0800322a       0x1a Middlewares/ST/STM32_USB_Device_Library/Core/Src/usbd_ioreq.o
                0x0800322a                USBD_CtlSendData
 .text.USBD_CtlContinueSendData
                0x08003244       0x10 Middlewares/ST/STM32_USB_Device_Library/Core/Src/usbd_ioreq.o
                0x08003244                USBD_CtlContinueSendData
 .text.USBD_CtlPrepareRx
                0x08003254       0x1e Middlewares/ST/STM32_USB_Device_Library/Core/Src/usbd_ioreq.o
                0x08003254                USBD_CtlPrepareRx
 .text.USBD_CtlContinueRx
                0x08003272       0x10 Middlewares/ST/STM32_USB_Device_Library/Core/Src/usbd_ioreq.o
                0x08003272                USBD_CtlContinueRx
 .text.USBD_CtlSendStatus
                0x08003282       0x16 Middlewares/ST/STM32_USB_Device_Library/Core/Src/usbd_ioreq.o
                0x08003282                USBD_CtlSendStatus
 .text.USBD_CtlReceiveStatus
                0x08003298       0x16 Middlewares/ST/STM32_USB_Device_Library/Core/Src/usbd_ioreq.o
                0x08003298                USBD_CtlReceiveStatus
 *fill*         0x080032ae        0x2 
 .text.MX_GPIO_Init
                0x080032b0       0x88 Src/gpio.o
                0x080032b0                MX_GPIO_Init
 .text.blinkLED
                0x08003338       0x38 Src/main.o
                0x08003338                blinkLED
 .text.SystemClock_Config
                0x08003370       0xe0 Src/main.o
                0x08003370                SystemClock_Config
 .text.boot_jump
                0x08003450       0x28 Src/main.o
                0x08003450                boot_jump
 .text.jumpToApp
                0x08003478      0x230 Src/main.o
                0x08003478                jumpToApp
 .text.rtc_read_backup_reg
                0x080036a8       0x20 Src/main.o
                0x080036a8                rtc_read_backup_reg
 .text.rtc_write_backup_reg
                0x080036c8       0x2c Src/main.o
                0x080036c8                rtc_write_backup_reg
 .text.checkAndClearBootloaderFlag
                0x080036f4       0x16 Src/main.o
                0x080036f4                checkAndClearBootloaderFlag
 *fill*         0x0800370a        0x2 
 .text.startup.main
                0x0800370c       0x9c Src/main.o
                0x0800370c                main
 .text.HAL_MspInit
                0x080037a8       0x60 Src/stm32f4xx_hal_msp.o
                0x080037a8                HAL_MspInit
 .text.NMI_Handler
                0x08003808        0x2 Src/stm32f4xx_it.o
                0x08003808                NMI_Handler
 .text.HardFault_Handler
                0x0800380a        0x2 Src/stm32f4xx_it.o
                0x0800380a                HardFault_Handler
 .text.MemManage_Handler
                0x0800380c        0x2 Src/stm32f4xx_it.o
                0x0800380c                MemManage_Handler
 .text.BusFault_Handler
                0x0800380e        0x2 Src/stm32f4xx_it.o
                0x0800380e                BusFault_Handler
 .text.UsageFault_Handler
                0x08003810        0x2 Src/stm32f4xx_it.o
                0x08003810                UsageFault_Handler
 .text.SVC_Handler
                0x08003812        0x2 Src/stm32f4xx_it.o
                0x08003812                SVC_Handler
 .text.DebugMon_Handler
                0x08003814        0x2 Src/stm32f4xx_it.o
                0x08003814                DebugMon_Handler
 .text.PendSV_Handler
                0x08003816        0x2 Src/stm32f4xx_it.o
                0x08003816                PendSV_Handler
 .text.SysTick_Handler
                0x08003818        0x4 Src/stm32f4xx_it.o
                0x08003818                SysTick_Handler
 .text.OTG_FS_IRQHandler
                0x0800381c        0xc Src/stm32f4xx_it.o
                0x0800381c                OTG_FS_IRQHandler
 .text.SystemInit
                0x08003828       0x4c Src/system_stm32f4xx.o
                0x08003828                SystemInit
 .text.HAL_PCD_MspInit
                0x08003874       0x70 Src/usbd_conf.o
                0x08003874                HAL_PCD_MspInit
 .text.HAL_PCD_SetupStageCallback
                0x080038e4        0xc Src/usbd_conf.o
                0x080038e4                HAL_PCD_SetupStageCallback
 .text.HAL_PCD_DataOutStageCallback
                0x080038f0       0x12 Src/usbd_conf.o
                0x080038f0                HAL_PCD_DataOutStageCallback
 .text.HAL_PCD_DataInStageCallback
                0x08003902       0x10 Src/usbd_conf.o
                0x08003902                HAL_PCD_DataInStageCallback
 .text.HAL_PCD_SOFCallback
                0x08003912        0x8 Src/usbd_conf.o
                0x08003912                HAL_PCD_SOFCallback
 .text.HAL_PCD_ResetCallback
                0x0800391a       0x22 Src/usbd_conf.o
                0x0800391a                HAL_PCD_ResetCallback
 .text.HAL_PCD_SuspendCallback
                0x0800393c        0x8 Src/usbd_conf.o
                0x0800393c                HAL_PCD_SuspendCallback
 .text.HAL_PCD_ResumeCallback
                0x08003944        0x8 Src/usbd_conf.o
                0x08003944                HAL_PCD_ResumeCallback
 .text.HAL_PCD_ISOOUTIncompleteCallback
                0x0800394c        0x8 Src/usbd_conf.o
                0x0800394c                HAL_PCD_ISOOUTIncompleteCallback
 .text.HAL_PCD_ISOINIncompleteCallback
                0x08003954        0x8 Src/usbd_conf.o
                0x08003954                HAL_PCD_ISOINIncompleteCallback
 .text.HAL_PCD_ConnectCallback
                0x0800395c        0x8 Src/usbd_conf.o
                0x0800395c                HAL_PCD_ConnectCallback
 .text.HAL_PCD_DisconnectCallback
                0x08003964        0x8 Src/usbd_conf.o
                0x08003964                HAL_PCD_DisconnectCallback
 .text.USBD_LL_Init
                0x0800396c       0x50 Src/usbd_conf.o
                0x0800396c                USBD_LL_Init
 .text.USBD_LL_Start
                0x080039bc        0xe Src/usbd_conf.o
                0x080039bc                USBD_LL_Start
 .text.USBD_LL_Stop
                0x080039ca        0xe Src/usbd_conf.o
                0x080039ca                USBD_LL_Stop
 .text.USBD_LL_OpenEP
                0x080039d8       0x14 Src/usbd_conf.o
                0x080039d8                USBD_LL_OpenEP
 .text.USBD_LL_StallEP
                0x080039ec        0xe Src/usbd_conf.o
                0x080039ec                USBD_LL_StallEP
 .text.USBD_LL_ClearStallEP
                0x080039fa        0xe Src/usbd_conf.o
                0x080039fa                USBD_LL_ClearStallEP
 .text.USBD_LL_IsStallEP
                0x08003a08       0x20 Src/usbd_conf.o
                0x08003a08                USBD_LL_IsStallEP
 .text.USBD_LL_SetUSBAddress
                0x08003a28        0xe Src/usbd_conf.o
                0x08003a28                USBD_LL_SetUSBAddress
 .text.USBD_LL_Transmit
                0x08003a36        0xe Src/usbd_conf.o
                0x08003a36                USBD_LL_Transmit
 .text.USBD_LL_PrepareReceive
                0x08003a44        0xe Src/usbd_conf.o
                0x08003a44                USBD_LL_PrepareReceive
 *fill*         0x08003a52        0x2 
 .text.USBD_static_malloc
                0x08003a54        0x8 Src/usbd_conf.o
                0x08003a54                USBD_static_malloc
 .text.USBD_static_free
                0x08003a5c        0x2 Src/usbd_conf.o
                0x08003a5c                USBD_static_free
 *fill*         0x08003a5e        0x2 
 .text.USBD_DFU_DeviceDescriptor
                0x08003a60        0xc Src/usbd_desc.o
                0x08003a60                USBD_DFU_DeviceDescriptor
 .text.USBD_DFU_LangIDStrDescriptor
                0x08003a6c        0xc Src/usbd_desc.o
                0x08003a6c                USBD_DFU_LangIDStrDescriptor
 .text.IntToUnicode
                0x08003a78       0x28 Src/usbd_desc.o
 .text.USBD_DFU_SerialStrDescriptor
                0x08003aa0       0x44 Src/usbd_desc.o
                0x08003aa0                USBD_DFU_SerialStrDescriptor
 .text.USBD_DFU_ManufacturerStrDescriptor
                0x08003ae4       0x1c Src/usbd_desc.o
                0x08003ae4                USBD_DFU_ManufacturerStrDescriptor
 .text.USBD_DFU_ProductStrDescriptor
                0x08003b00       0x24 Src/usbd_desc.o
                0x08003b00                USBD_DFU_ProductStrDescriptor
 .text.USBD_DFU_ConfigStrDescriptor
                0x08003b24       0x1c Src/usbd_desc.o
                0x08003b24                USBD_DFU_ConfigStrDescriptor
 .text.USBD_DFU_InterfaceStrDescriptor
                0x08003b40       0x1c Src/usbd_desc.o
                0x08003b40                USBD_DFU_InterfaceStrDescriptor
 .text.Flash_If_Read
                0x08003b5c       0x14 Src/usbd_dfu_flash.o
                0x08003b5c                Flash_If_Read
 .text.Flash_If_GetStatus
                0x08003b70        0xe Src/usbd_dfu_flash.o
                0x08003b70                Flash_If_GetStatus
 .text.Flash_If_Init
                0x08003b7e        0xa Src/usbd_dfu_flash.o
                0x08003b7e                Flash_If_Init
 .text.Flash_If_DeInit
                0x08003b88        0xa Src/usbd_dfu_flash.o
                0x08003b88                Flash_If_DeInit
 *fill*         0x08003b92        0x2 
 .text.Flash_If_Erase
                0x08003b94       0x94 Src/usbd_dfu_flash.o
                0x08003b94                Flash_If_Erase
 .text.Flash_If_Write
                0x08003c28       0x44 Src/usbd_dfu_flash.o
                0x08003c28                Flash_If_Write
 .text.Reset_Handler
                0x08003c6c       0x50 startup/startup_stm32f446xx.o
                0x08003c6c                Reset_Handler
 .text.Default_Handler
                0x08003cbc        0x2 startup/startup_stm32f446xx.o
                0x08003cbc                RTC_Alarm_IRQHandler
                0x08003cbc                EXTI2_IRQHandler
                0x08003cbc                TIM8_CC_IRQHandler
                0x08003cbc                SPI4_IRQHandler
                0x08003cbc                TIM1_CC_IRQHandler
                0x08003cbc                DMA2_Stream5_IRQHandler
                0x08003cbc                DMA1_Stream5_IRQHandler
                0x08003cbc                PVD_IRQHandler
                0x08003cbc                SDIO_IRQHandler
                0x08003cbc                TAMP_STAMP_IRQHandler
                0x08003cbc                CAN2_RX1_IRQHandler
                0x08003cbc                EXTI3_IRQHandler
                0x08003cbc                TIM8_TRG_COM_TIM14_IRQHandler
                0x08003cbc                TIM1_UP_TIM10_IRQHandler
                0x08003cbc                TIM8_UP_TIM13_IRQHandler
                0x08003cbc                I2C3_ER_IRQHandler
                0x08003cbc                FMPI2C1_Event_IRQHandler
                0x08003cbc                EXTI0_IRQHandler
                0x08003cbc                I2C2_EV_IRQHandler
                0x08003cbc                DMA1_Stream2_IRQHandler
                0x08003cbc                CAN1_RX0_IRQHandler
                0x08003cbc                FPU_IRQHandler
                0x08003cbc                OTG_HS_WKUP_IRQHandler
                0x08003cbc                CAN2_SCE_IRQHandler
                0x08003cbc                DMA2_Stream2_IRQHandler
                0x08003cbc                SPI1_IRQHandler
                0x08003cbc                TIM6_DAC_IRQHandler
                0x08003cbc                TIM1_BRK_TIM9_IRQHandler
                0x08003cbc                DCMI_IRQHandler
                0x08003cbc                CAN2_RX0_IRQHandler
                0x08003cbc                DMA2_Stream3_IRQHandler
                0x08003cbc                SAI2_IRQHandler
                0x08003cbc                USART6_IRQHandler
                0x08003cbc                USART3_IRQHandler
                0x08003cbc                CAN1_RX1_IRQHandler
                0x08003cbc                UART5_IRQHandler
                0x08003cbc                DMA2_Stream0_IRQHandler
                0x08003cbc                TIM4_IRQHandler
                0x08003cbc                QUADSPI_IRQHandler
                0x08003cbc                I2C1_EV_IRQHandler
                0x08003cbc                DMA1_Stream6_IRQHandler
                0x08003cbc                DMA1_Stream1_IRQHandler
                0x08003cbc                UART4_IRQHandler
                0x08003cbc                TIM3_IRQHandler
                0x08003cbc                RCC_IRQHandler
                0x08003cbc                TIM8_BRK_TIM12_IRQHandler
                0x08003cbc                Default_Handler
                0x08003cbc                CEC_IRQHandler
                0x08003cbc                EXTI15_10_IRQHandler
                0x08003cbc                ADC_IRQHandler
                0x08003cbc                DMA1_Stream7_IRQHandler
                0x08003cbc                TIM7_IRQHandler
                0x08003cbc                CAN2_TX_IRQHandler
                0x08003cbc                TIM5_IRQHandler
                0x08003cbc                DMA2_Stream7_IRQHandler
                0x08003cbc                I2C3_EV_IRQHandler
                0x08003cbc                EXTI9_5_IRQHandler
                0x08003cbc                RTC_WKUP_IRQHandler
                0x08003cbc                SPDIF_RX_IRQHandler
                0x08003cbc                SPI2_IRQHandler
                0x08003cbc                OTG_HS_EP1_IN_IRQHandler
                0x08003cbc                DMA1_Stream0_IRQHandler
                0x08003cbc                CAN1_TX_IRQHandler
                0x08003cbc                EXTI4_IRQHandler
                0x08003cbc                OTG_HS_EP1_OUT_IRQHandler
                0x08003cbc                WWDG_IRQHandler
                0x08003cbc                TIM2_IRQHandler
                0x08003cbc                OTG_FS_WKUP_IRQHandler
                0x08003cbc                TIM1_TRG_COM_TIM11_IRQHandler
                0x08003cbc                OTG_HS_IRQHandler
                0x08003cbc                EXTI1_IRQHandler
                0x08003cbc                USART2_IRQHandler
                0x08003cbc                I2C2_ER_IRQHandler
                0x08003cbc                DMA2_Stream1_IRQHandler
                0x08003cbc                CAN1_SCE_IRQHandler
                0x08003cbc                FLASH_IRQHandler
                0x08003cbc                DMA2_Stream4_IRQHandler
                0x08003cbc                USART1_IRQHandler
                0x08003cbc                SPI3_IRQHandler
                0x08003cbc                DMA1_Stream4_IRQHandler
                0x08003cbc                I2C1_ER_IRQHandler
                0x08003cbc                FMC_IRQHandler
                0x08003cbc                DMA2_Stream6_IRQHandler
                0x08003cbc                SAI1_IRQHandler
                0x08003cbc                DMA1_Stream3_IRQHandler
                0x08003cbc                FMPI2C1_Error_IRQHandler
 *fill*         0x08003cbe        0x2 
 .text.__libc_init_array
                0x08003cc0       0x4c c:/program files (x86)/ac6/systemworkbench/plugins/fr.ac6.mcu.externaltools.arm-none.win32_1.13.1.201701200843/tools/compiler/bin/../lib/gcc/arm-none-eabi/5.4.1/../../../../arm-none-eabi/lib/armv7e-m/fpu\libc_nano.a(lib_a-init.o)
                0x08003cc0                __libc_init_array
 *(.glue_7)
 .glue_7        0x08003d0c        0x0 linker stubs
 *(.glue_7t)
 .glue_7t       0x08003d0c        0x0 linker stubs
 *(.eh_frame)
 .eh_frame      0x08003d0c        0x0 c:/program files (x86)/ac6/systemworkbench/plugins/fr.ac6.mcu.externaltools.arm-none.win32_1.13.1.201701200843/tools/compiler/bin/../lib/gcc/arm-none-eabi/5.4.1/armv7e-m/fpu/crtbegin.o
 *(.init)
 .init          0x08003d0c        0x4 c:/program files (x86)/ac6/systemworkbench/plugins/fr.ac6.mcu.externaltools.arm-none.win32_1.13.1.201701200843/tools/compiler/bin/../lib/gcc/arm-none-eabi/5.4.1/armv7e-m/fpu/crti.o
                0x08003d0c                _init
 .init          0x08003d10        0x8 c:/program files (x86)/ac6/systemworkbench/plugins/fr.ac6.mcu.externaltools.arm-none.win32_1.13.1.201701200843/tools/compiler/bin/../lib/gcc/arm-none-eabi/5.4.1/armv7e-m/fpu/crtn.o
 *(.fini)
 .fini          0x08003d18        0x4 c:/program files (x86)/ac6/systemworkbench/plugins/fr.ac6.mcu.externaltools.arm-none.win32_1.13.1.201701200843/tools/compiler/bin/../lib/gcc/arm-none-eabi/5.4.1/armv7e-m/fpu/crti.o
                0x08003d18                _fini
 .fini          0x08003d1c        0x8 c:/program files (x86)/ac6/systemworkbench/plugins/fr.ac6.mcu.externaltools.arm-none.win32_1.13.1.201701200843/tools/compiler/bin/../lib/gcc/arm-none-eabi/5.4.1/armv7e-m/fpu/crtn.o
                0x08003d24                . = ALIGN (0x4)
                0x08003d24                _etext = .

.vfp11_veneer   0x08003d24        0x0
 .vfp11_veneer  0x08003d24        0x0 linker stubs

.v4_bx          0x08003d24        0x0
 .v4_bx         0x08003d24        0x0 linker stubs

.iplt           0x08003d24        0x0
 .iplt          0x08003d24        0x0 c:/program files (x86)/ac6/systemworkbench/plugins/fr.ac6.mcu.externaltools.arm-none.win32_1.13.1.201701200843/tools/compiler/bin/../lib/gcc/arm-none-eabi/5.4.1/armv7e-m/fpu/crtbegin.o

.rodata         0x08003d24       0x94
                0x08003d24                . = ALIGN (0x4)
 *(.rodata)
 .rodata        0x08003d24       0x10 Drivers/STM32F4xx_HAL_Driver/Src/stm32f4xx_hal_rcc.o
                0x08003d24                APBAHBPrescTable
 *(.rodata*)
 .rodata.str1.1
                0x08003d34       0x4a Src/usbd_desc.o
 .rodata.str1.1
                0x08003d7e       0x39 Src/usbd_dfu_flash.o
                0x08003db8                . = ALIGN (0x4)
 *fill*         0x08003db7        0x1 

.rel.dyn        0x08003db8        0x0
 .rel.iplt      0x08003db8        0x0 c:/program files (x86)/ac6/systemworkbench/plugins/fr.ac6.mcu.externaltools.arm-none.win32_1.13.1.201701200843/tools/compiler/bin/../lib/gcc/arm-none-eabi/5.4.1/armv7e-m/fpu/crtbegin.o

.ARM.extab
 *(.ARM.extab* .gnu.linkonce.armextab.*)

.ARM            0x08003db8        0x0
                0x08003db8                __exidx_start = .
 *(.ARM.exidx*)
                0x08003db8                __exidx_end = .

.preinit_array  0x08003db8        0x0
                0x08003db8                PROVIDE (__preinit_array_start, .)
 *(.preinit_array*)
                0x08003db8                PROVIDE (__preinit_array_end, .)

.init_array     0x08003db8        0x4
                0x08003db8                PROVIDE (__init_array_start, .)
 *(SORT(.init_array.*))
 *(.init_array*)
 .init_array    0x08003db8        0x4 c:/program files (x86)/ac6/systemworkbench/plugins/fr.ac6.mcu.externaltools.arm-none.win32_1.13.1.201701200843/tools/compiler/bin/../lib/gcc/arm-none-eabi/5.4.1/armv7e-m/fpu/crtbegin.o
                0x08003dbc                PROVIDE (__init_array_end, .)

.fini_array     0x08003dbc        0x4
                [!provide]                PROVIDE (__fini_array_start, .)
 *(SORT(.fini_array.*))
 *(.fini_array*)
 .fini_array    0x08003dbc        0x4 c:/program files (x86)/ac6/systemworkbench/plugins/fr.ac6.mcu.externaltools.arm-none.win32_1.13.1.201701200843/tools/compiler/bin/../lib/gcc/arm-none-eabi/5.4.1/armv7e-m/fpu/crtbegin.o
                [!provide]                PROVIDE (__fini_array_end, .)
                0x08003dc0                _sidata = LOADADDR (.data)

.data           0x20000000       0xd4 load address 0x08003dc0
                0x20000000                . = ALIGN (0x4)
                0x20000000                _sdata = .
 *(.data)
 .data          0x20000000       0x64 Middlewares/ST/STM32_USB_Device_Library/Class/DFU/Src/usbd_dfu.o
                0x20000028                USBD_DFU
 .data          0x20000064        0x4 Src/system_stm32f4xx.o
                0x20000064                SystemCoreClock
 .data          0x20000068       0x50 Src/usbd_desc.o
                0x20000068                USBD_DeviceDesc
                0x2000007c                USBD_LangIDDesc
                0x20000080                USBD_StringSerial
                0x2000009c                DFU_Desc
 .data          0x200000b8       0x1c Src/usbd_dfu_flash.o
                0x200000b8                USBD_DFU_Flash_fops
 *(.data*)
                0x200000d4                . = ALIGN (0x4)
                0x200000d4                _edata = .

.jcr            0x200000d4        0x0 load address 0x08003e94
 .jcr           0x200000d4        0x0 c:/program files (x86)/ac6/systemworkbench/plugins/fr.ac6.mcu.externaltools.arm-none.win32_1.13.1.201701200843/tools/compiler/bin/../lib/gcc/arm-none-eabi/5.4.1/armv7e-m/fpu/crtbegin.o

.igot.plt       0x200000d4        0x0 load address 0x08003e94
 .igot.plt      0x200000d4        0x0 c:/program files (x86)/ac6/systemworkbench/plugins/fr.ac6.mcu.externaltools.arm-none.win32_1.13.1.201701200843/tools/compiler/bin/../lib/gcc/arm-none-eabi/5.4.1/armv7e-m/fpu/crtbegin.o
                0x200000d4                . = ALIGN (0x4)

.bss            0x200000d4      0xc80 load address 0x08003e94
                0x200000d4                _sbss = .
                0x200000d4                __bss_start__ = _sbss
 *(.bss)
 .bss           0x200000d4       0x1c c:/program files (x86)/ac6/systemworkbench/plugins/fr.ac6.mcu.externaltools.arm-none.win32_1.13.1.201701200843/tools/compiler/bin/../lib/gcc/arm-none-eabi/5.4.1/armv7e-m/fpu/crtbegin.o
 .bss           0x200000f0       0xff Middlewares/ST/STM32_USB_Device_Library/Class/DFU/Src/usbd_dfu.o
 .bss           0x200001ef        0x1 Middlewares/ST/STM32_USB_Device_Library/Core/Src/usbd_ctlreq.o
 .bss           0x200001f0      0x418 Src/usbd_conf.o
 *(.bss*)
 *(COMMON)
 COMMON         0x20000608        0x4 Drivers/STM32F4xx_HAL_Driver/Src/stm32f4xx_hal.o
                0x20000608                uwTick
 COMMON         0x2000060c       0x20 Drivers/STM32F4xx_HAL_Driver/Src/stm32f4xx_hal_flash.o
                0x2000060c                pFlash
 COMMON         0x2000062c      0x22c Src/main.o
                0x2000062c                JumpAddress
                0x20000630                USBD_Device
                0x20000854                JumpToApplication
 COMMON         0x20000858      0x3fc Src/usbd_conf.o
                0x20000858                hpcd
 COMMON         0x20000c54      0x100 Src/usbd_desc.o
                0x20000c54                USBD_StrDesc
                0x20000d54                . = ALIGN (0x4)
                0x20000d54                _ebss = .
                0x20000d54                __bss_end__ = _ebss

._user_heap_stack
                0x20000d54      0x604 load address 0x08003e94
                0x20000d58                . = ALIGN (0x8)
 *fill*         0x20000d54        0x4 
                [!provide]                PROVIDE (end, .)
                [!provide]                PROVIDE (_end, .)
                0x20000f58                . = (. + _Min_Heap_Size)
 *fill*         0x20000d58      0x200 
                0x20001358                . = (. + _Min_Stack_Size)
 *fill*         0x20000f58      0x400 
                0x20001358                . = ALIGN (0x8)

/DISCARD/
 libc.a(*)
 libm.a(*)
 libgcc.a(*)

.ARM.attributes
                0x00000000       0x30
 *(.ARM.attributes)
 .ARM.attributes
                0x00000000       0x22 c:/program files (x86)/ac6/systemworkbench/plugins/fr.ac6.mcu.externaltools.arm-none.win32_1.13.1.201701200843/tools/compiler/bin/../lib/gcc/arm-none-eabi/5.4.1/armv7e-m/fpu/crti.o
 .ARM.attributes
                0x00000022       0x34 c:/program files (x86)/ac6/systemworkbench/plugins/fr.ac6.mcu.externaltools.arm-none.win32_1.13.1.201701200843/tools/compiler/bin/../lib/gcc/arm-none-eabi/5.4.1/armv7e-m/fpu/crtbegin.o
 .ARM.attributes
                0x00000056       0x39 Drivers/STM32F4xx_HAL_Driver/Src/stm32f4xx_hal.o
 .ARM.attributes
                0x0000008f       0x39 Drivers/STM32F4xx_HAL_Driver/Src/stm32f4xx_hal_cortex.o
 .ARM.attributes
                0x000000c8       0x39 Drivers/STM32F4xx_HAL_Driver/Src/stm32f4xx_hal_flash.o
 .ARM.attributes
                0x00000101       0x39 Drivers/STM32F4xx_HAL_Driver/Src/stm32f4xx_hal_flash_ex.o
 .ARM.attributes
                0x0000013a       0x39 Drivers/STM32F4xx_HAL_Driver/Src/stm32f4xx_hal_gpio.o
 .ARM.attributes
                0x00000173       0x39 Drivers/STM32F4xx_HAL_Driver/Src/stm32f4xx_hal_pcd.o
 .ARM.attributes
                0x000001ac       0x39 Drivers/STM32F4xx_HAL_Driver/Src/stm32f4xx_hal_pcd_ex.o
 .ARM.attributes
                0x000001e5       0x39 Drivers/STM32F4xx_HAL_Driver/Src/stm32f4xx_hal_pwr.o
 .ARM.attributes
                0x0000021e       0x39 Drivers/STM32F4xx_HAL_Driver/Src/stm32f4xx_hal_pwr_ex.o
 .ARM.attributes
                0x00000257       0x39 Drivers/STM32F4xx_HAL_Driver/Src/stm32f4xx_hal_rcc.o
 .ARM.attributes
                0x00000290       0x39 Drivers/STM32F4xx_HAL_Driver/Src/stm32f4xx_hal_rcc_ex.o
 .ARM.attributes
                0x000002c9       0x39 Drivers/STM32F4xx_HAL_Driver/Src/stm32f4xx_hal_rtc_ex.o
 .ARM.attributes
                0x00000302       0x39 Drivers/STM32F4xx_HAL_Driver/Src/stm32f4xx_ll_usb.o
 .ARM.attributes
                0x0000033b       0x39 Middlewares/ST/STM32_USB_Device_Library/Class/DFU/Src/usbd_dfu.o
 .ARM.attributes
                0x00000374       0x39 Middlewares/ST/STM32_USB_Device_Library/Core/Src/usbd_core.o
 .ARM.attributes
                0x000003ad       0x39 Middlewares/ST/STM32_USB_Device_Library/Core/Src/usbd_ctlreq.o
 .ARM.attributes
                0x000003e6       0x39 Middlewares/ST/STM32_USB_Device_Library/Core/Src/usbd_ioreq.o
 .ARM.attributes
                0x0000041f       0x39 Src/gpio.o
 .ARM.attributes
                0x00000458       0x39 Src/main.o
 .ARM.attributes
                0x00000491       0x39 Src/stm32f4xx_hal_msp.o
 .ARM.attributes
                0x000004ca       0x39 Src/stm32f4xx_it.o
 .ARM.attributes
                0x00000503       0x39 Src/system_stm32f4xx.o
 .ARM.attributes
                0x0000053c       0x39 Src/usbd_conf.o
 .ARM.attributes
                0x00000575       0x39 Src/usbd_desc.o
 .ARM.attributes
                0x000005ae       0x39 Src/usbd_dfu_flash.o
 .ARM.attributes
                0x000005e7       0x21 startup/startup_stm32f446xx.o
 .ARM.attributes
                0x00000608       0x34 c:/program files (x86)/ac6/systemworkbench/plugins/fr.ac6.mcu.externaltools.arm-none.win32_1.13.1.201701200843/tools/compiler/bin/../lib/gcc/arm-none-eabi/5.4.1/../../../../arm-none-eabi/lib/armv7e-m/fpu\libc_nano.a(lib_a-init.o)
 .ARM.attributes
                0x0000063c       0x22 c:/program files (x86)/ac6/systemworkbench/plugins/fr.ac6.mcu.externaltools.arm-none.win32_1.13.1.201701200843/tools/compiler/bin/../lib/gcc/arm-none-eabi/5.4.1/armv7e-m/fpu/crtn.o
OUTPUT(F4Bootloader.elf elf32-littlearm)

.debug_info     0x00000000    0x12b16
 .debug_info    0x00000000      0x932 Drivers/STM32F4xx_HAL_Driver/Src/stm32f4xx_hal.o
 .debug_info    0x00000932      0xe9d Drivers/STM32F4xx_HAL_Driver/Src/stm32f4xx_hal_cortex.o
 .debug_info    0x000017cf      0x6e9 Drivers/STM32F4xx_HAL_Driver/Src/stm32f4xx_hal_flash.o
 .debug_info    0x00001eb8      0xa52 Drivers/STM32F4xx_HAL_Driver/Src/stm32f4xx_hal_flash_ex.o
 .debug_info    0x0000290a      0x77f Drivers/STM32F4xx_HAL_Driver/Src/stm32f4xx_hal_gpio.o
 .debug_info    0x00003089     0x13e1 Drivers/STM32F4xx_HAL_Driver/Src/stm32f4xx_hal_pcd.o
 .debug_info    0x0000446a      0x708 Drivers/STM32F4xx_HAL_Driver/Src/stm32f4xx_hal_pcd_ex.o
 .debug_info    0x00004b72      0x8a6 Drivers/STM32F4xx_HAL_Driver/Src/stm32f4xx_hal_pwr.o
 .debug_info    0x00005418      0x970 Drivers/STM32F4xx_HAL_Driver/Src/stm32f4xx_hal_pwr_ex.o
 .debug_info    0x00005d88      0xcd7 Drivers/STM32F4xx_HAL_Driver/Src/stm32f4xx_hal_rcc.o
 .debug_info    0x00006a5f     0x1300 Drivers/STM32F4xx_HAL_Driver/Src/stm32f4xx_hal_rcc_ex.o
 .debug_info    0x00007d5f      0xfc9 Drivers/STM32F4xx_HAL_Driver/Src/stm32f4xx_hal_rtc_ex.o
 .debug_info    0x00008d28     0x1758 Drivers/STM32F4xx_HAL_Driver/Src/stm32f4xx_ll_usb.o
 .debug_info    0x0000a480     0x10ae Middlewares/ST/STM32_USB_Device_Library/Class/DFU/Src/usbd_dfu.o
 .debug_info    0x0000b52e      0xc08 Middlewares/ST/STM32_USB_Device_Library/Core/Src/usbd_core.o
 .debug_info    0x0000c136      0xc0c Middlewares/ST/STM32_USB_Device_Library/Core/Src/usbd_ctlreq.o
 .debug_info    0x0000cd42      0x790 Middlewares/ST/STM32_USB_Device_Library/Core/Src/usbd_ioreq.o
 .debug_info    0x0000d4d2      0x49d Src/gpio.o
 .debug_info    0x0000d96f     0x1f49 Src/main.o
 .debug_info    0x0000f8b8      0x412 Src/stm32f4xx_hal_msp.o
 .debug_info    0x0000fcca      0x617 Src/stm32f4xx_it.o
 .debug_info    0x000102e1      0x534 Src/system_stm32f4xx.o
 .debug_info    0x00010815     0x17ec Src/usbd_conf.o
 .debug_info    0x00012001      0x5b0 Src/usbd_desc.o
 .debug_info    0x000125b1      0x4ee Src/usbd_dfu_flash.o
 .debug_info    0x00012a9f       0x77 startup/startup_stm32f446xx.o

.debug_abbrev   0x00000000     0x3962
 .debug_abbrev  0x00000000      0x247 Drivers/STM32F4xx_HAL_Driver/Src/stm32f4xx_hal.o
 .debug_abbrev  0x00000247      0x332 Drivers/STM32F4xx_HAL_Driver/Src/stm32f4xx_hal_cortex.o
 .debug_abbrev  0x00000579      0x2c7 Drivers/STM32F4xx_HAL_Driver/Src/stm32f4xx_hal_flash.o
 .debug_abbrev  0x00000840      0x2df Drivers/STM32F4xx_HAL_Driver/Src/stm32f4xx_hal_flash_ex.o
 .debug_abbrev  0x00000b1f      0x1cb Drivers/STM32F4xx_HAL_Driver/Src/stm32f4xx_hal_gpio.o
 .debug_abbrev  0x00000cea      0x30e Drivers/STM32F4xx_HAL_Driver/Src/stm32f4xx_hal_pcd.o
 .debug_abbrev  0x00000ff8      0x1aa Drivers/STM32F4xx_HAL_Driver/Src/stm32f4xx_hal_pcd_ex.o
 .debug_abbrev  0x000011a2      0x1f8 Drivers/STM32F4xx_HAL_Driver/Src/stm32f4xx_hal_pwr.o
 .debug_abbrev  0x0000139a      0x231 Drivers/STM32F4xx_HAL_Driver/Src/stm32f4xx_hal_pwr_ex.o
 .debug_abbrev  0x000015cb      0x321 Drivers/STM32F4xx_HAL_Driver/Src/stm32f4xx_hal_rcc.o
 .debug_abbrev  0x000018ec      0x269 Drivers/STM32F4xx_HAL_Driver/Src/stm32f4xx_hal_rcc_ex.o
 .debug_abbrev  0x00001b55      0x22f Drivers/STM32F4xx_HAL_Driver/Src/stm32f4xx_hal_rtc_ex.o
 .debug_abbrev  0x00001d84      0x2e1 Drivers/STM32F4xx_HAL_Driver/Src/stm32f4xx_ll_usb.o
 .debug_abbrev  0x00002065      0x36d Middlewares/ST/STM32_USB_Device_Library/Class/DFU/Src/usbd_dfu.o
 .debug_abbrev  0x000023d2      0x273 Middlewares/ST/STM32_USB_Device_Library/Core/Src/usbd_core.o
 .debug_abbrev  0x00002645      0x2c7 Middlewares/ST/STM32_USB_Device_Library/Core/Src/usbd_ctlreq.o
 .debug_abbrev  0x0000290c      0x158 Middlewares/ST/STM32_USB_Device_Library/Core/Src/usbd_ioreq.o
 .debug_abbrev  0x00002a64      0x151 Src/gpio.o
 .debug_abbrev  0x00002bb5      0x344 Src/main.o
 .debug_abbrev  0x00002ef9       0xc5 Src/stm32f4xx_hal_msp.o
 .debug_abbrev  0x00002fbe      0x1b1 Src/stm32f4xx_it.o
 .debug_abbrev  0x0000316f      0x104 Src/system_stm32f4xx.o
 .debug_abbrev  0x00003273      0x2b8 Src/usbd_conf.o
 .debug_abbrev  0x0000352b      0x227 Src/usbd_desc.o
 .debug_abbrev  0x00003752      0x1fe Src/usbd_dfu_flash.o
 .debug_abbrev  0x00003950       0x12 startup/startup_stm32f446xx.o

.debug_loc      0x00000000     0x7957
 .debug_loc     0x00000000       0x92 Drivers/STM32F4xx_HAL_Driver/Src/stm32f4xx_hal.o
 .debug_loc     0x00000092      0x4ab Drivers/STM32F4xx_HAL_Driver/Src/stm32f4xx_hal_cortex.o
 .debug_loc     0x0000053d      0x2ef Drivers/STM32F4xx_HAL_Driver/Src/stm32f4xx_hal_flash.o
 .debug_loc     0x0000082c      0x509 Drivers/STM32F4xx_HAL_Driver/Src/stm32f4xx_hal_flash_ex.o
 .debug_loc     0x00000d35      0x374 Drivers/STM32F4xx_HAL_Driver/Src/stm32f4xx_hal_gpio.o
 .debug_loc     0x000010a9      0xb50 Drivers/STM32F4xx_HAL_Driver/Src/stm32f4xx_hal_pcd.o
 .debug_loc     0x00001bf9      0x127 Drivers/STM32F4xx_HAL_Driver/Src/stm32f4xx_hal_pcd_ex.o
 .debug_loc     0x00001d20       0xd8 Drivers/STM32F4xx_HAL_Driver/Src/stm32f4xx_hal_pwr.o
 .debug_loc     0x00001df8      0x261 Drivers/STM32F4xx_HAL_Driver/Src/stm32f4xx_hal_pwr_ex.o
 .debug_loc     0x00002059      0x485 Drivers/STM32F4xx_HAL_Driver/Src/stm32f4xx_hal_rcc.o
 .debug_loc     0x000024de      0xcdd Drivers/STM32F4xx_HAL_Driver/Src/stm32f4xx_hal_rcc_ex.o
 .debug_loc     0x000031bb      0xadc Drivers/STM32F4xx_HAL_Driver/Src/stm32f4xx_hal_rtc_ex.o
 .debug_loc     0x00003c97     0x1473 Drivers/STM32F4xx_HAL_Driver/Src/stm32f4xx_ll_usb.o
 .debug_loc     0x0000510a      0xa25 Middlewares/ST/STM32_USB_Device_Library/Class/DFU/Src/usbd_dfu.o
 .debug_loc     0x00005b2f      0x5d9 Middlewares/ST/STM32_USB_Device_Library/Core/Src/usbd_core.o
 .debug_loc     0x00006108      0x710 Middlewares/ST/STM32_USB_Device_Library/Core/Src/usbd_ctlreq.o
 .debug_loc     0x00006818      0x23c Middlewares/ST/STM32_USB_Device_Library/Core/Src/usbd_ioreq.o
 .debug_loc     0x00006a54      0x161 Src/main.o
 .debug_loc     0x00006bb5       0xd7 Src/system_stm32f4xx.o
 .debug_loc     0x00006c8c      0x682 Src/usbd_conf.o
 .debug_loc     0x0000730e      0x324 Src/usbd_desc.o
 .debug_loc     0x00007632      0x325 Src/usbd_dfu_flash.o

.debug_aranges  0x00000000      0xc98
 .debug_aranges
                0x00000000       0xb8 Drivers/STM32F4xx_HAL_Driver/Src/stm32f4xx_hal.o
 .debug_aranges
                0x000000b8       0x98 Drivers/STM32F4xx_HAL_Driver/Src/stm32f4xx_hal_cortex.o
 .debug_aranges
                0x00000150       0x88 Drivers/STM32F4xx_HAL_Driver/Src/stm32f4xx_hal_flash.o
 .debug_aranges
                0x000001d8       0x70 Drivers/STM32F4xx_HAL_Driver/Src/stm32f4xx_hal_flash_ex.o
 .debug_aranges
                0x00000248       0x58 Drivers/STM32F4xx_HAL_Driver/Src/stm32f4xx_hal_gpio.o
 .debug_aranges
                0x000002a0       0xc0 Drivers/STM32F4xx_HAL_Driver/Src/stm32f4xx_hal_pcd.o
 .debug_aranges
                0x00000360       0x40 Drivers/STM32F4xx_HAL_Driver/Src/stm32f4xx_hal_pcd_ex.o
 .debug_aranges
                0x000003a0       0xa0 Drivers/STM32F4xx_HAL_Driver/Src/stm32f4xx_hal_pwr.o
 .debug_aranges
                0x00000440       0x60 Drivers/STM32F4xx_HAL_Driver/Src/stm32f4xx_hal_pwr_ex.o
 .debug_aranges
                0x000004a0       0x80 Drivers/STM32F4xx_HAL_Driver/Src/stm32f4xx_hal_rcc.o
 .debug_aranges
                0x00000520       0x58 Drivers/STM32F4xx_HAL_Driver/Src/stm32f4xx_hal_rcc_ex.o
 .debug_aranges
                0x00000578      0x110 Drivers/STM32F4xx_HAL_Driver/Src/stm32f4xx_hal_rtc_ex.o
 .debug_aranges
                0x00000688      0x180 Drivers/STM32F4xx_HAL_Driver/Src/stm32f4xx_ll_usb.o
 .debug_aranges
                0x00000808       0x68 Middlewares/ST/STM32_USB_Device_Library/Class/DFU/Src/usbd_dfu.o
 .debug_aranges
                0x00000870       0xa8 Middlewares/ST/STM32_USB_Device_Library/Core/Src/usbd_core.o
 .debug_aranges
                0x00000918       0x48 Middlewares/ST/STM32_USB_Device_Library/Core/Src/usbd_ctlreq.o
 .debug_aranges
                0x00000960       0x50 Middlewares/ST/STM32_USB_Device_Library/Core/Src/usbd_ioreq.o
 .debug_aranges
                0x000009b0       0x20 Src/gpio.o
 .debug_aranges
                0x000009d0       0x60 Src/main.o
 .debug_aranges
                0x00000a30       0x20 Src/stm32f4xx_hal_msp.o
 .debug_aranges
                0x00000a50       0x50 Src/stm32f4xx_it.o
 .debug_aranges
                0x00000aa0       0x28 Src/system_stm32f4xx.o
 .debug_aranges
                0x00000ac8      0x108 Src/usbd_conf.o
 .debug_aranges
                0x00000bd0       0x58 Src/usbd_desc.o
 .debug_aranges
                0x00000c28       0x48 Src/usbd_dfu_flash.o
 .debug_aranges
                0x00000c70       0x28 startup/startup_stm32f446xx.o

.debug_ranges   0x00000000     0x1138
 .debug_ranges  0x00000000       0xa8 Drivers/STM32F4xx_HAL_Driver/Src/stm32f4xx_hal.o
 .debug_ranges  0x000000a8      0x148 Drivers/STM32F4xx_HAL_Driver/Src/stm32f4xx_hal_cortex.o
 .debug_ranges  0x000001f0       0xa8 Drivers/STM32F4xx_HAL_Driver/Src/stm32f4xx_hal_flash.o
 .debug_ranges  0x00000298      0x110 Drivers/STM32F4xx_HAL_Driver/Src/stm32f4xx_hal_flash_ex.o
 .debug_ranges  0x000003a8       0x70 Drivers/STM32F4xx_HAL_Driver/Src/stm32f4xx_hal_gpio.o
 .debug_ranges  0x00000418       0xb0 Drivers/STM32F4xx_HAL_Driver/Src/stm32f4xx_hal_pcd.o
 .debug_ranges  0x000004c8       0x30 Drivers/STM32F4xx_HAL_Driver/Src/stm32f4xx_hal_pcd_ex.o
 .debug_ranges  0x000004f8       0x90 Drivers/STM32F4xx_HAL_Driver/Src/stm32f4xx_hal_pwr.o
 .debug_ranges  0x00000588       0x80 Drivers/STM32F4xx_HAL_Driver/Src/stm32f4xx_hal_pwr_ex.o
 .debug_ranges  0x00000608      0x150 Drivers/STM32F4xx_HAL_Driver/Src/stm32f4xx_hal_rcc.o
 .debug_ranges  0x00000758      0x2d0 Drivers/STM32F4xx_HAL_Driver/Src/stm32f4xx_hal_rcc_ex.o
 .debug_ranges  0x00000a28      0x100 Drivers/STM32F4xx_HAL_Driver/Src/stm32f4xx_hal_rtc_ex.o
 .debug_ranges  0x00000b28      0x170 Drivers/STM32F4xx_HAL_Driver/Src/stm32f4xx_ll_usb.o
 .debug_ranges  0x00000c98       0x70 Middlewares/ST/STM32_USB_Device_Library/Class/DFU/Src/usbd_dfu.o
 .debug_ranges  0x00000d08       0x98 Middlewares/ST/STM32_USB_Device_Library/Core/Src/usbd_core.o
 .debug_ranges  0x00000da0       0x38 Middlewares/ST/STM32_USB_Device_Library/Core/Src/usbd_ctlreq.o
 .debug_ranges  0x00000dd8       0x40 Middlewares/ST/STM32_USB_Device_Library/Core/Src/usbd_ioreq.o
 .debug_ranges  0x00000e18       0x48 Src/gpio.o
 .debug_ranges  0x00000e60       0x50 Src/main.o
 .debug_ranges  0x00000eb0       0x10 Src/stm32f4xx_hal_msp.o
 .debug_ranges  0x00000ec0       0x40 Src/stm32f4xx_it.o
 .debug_ranges  0x00000f00       0x18 Src/system_stm32f4xx.o
 .debug_ranges  0x00000f18      0x130 Src/usbd_conf.o
 .debug_ranges  0x00001048       0x78 Src/usbd_desc.o
 .debug_ranges  0x000010c0       0x58 Src/usbd_dfu_flash.o
 .debug_ranges  0x00001118       0x20 startup/startup_stm32f446xx.o

.debug_macro    0x00000000    0x25225
 .debug_macro   0x00000000      0x378 Drivers/STM32F4xx_HAL_Driver/Src/stm32f4xx_hal.o
 .debug_macro   0x00000378      0x89e Drivers/STM32F4xx_HAL_Driver/Src/stm32f4xx_hal.o
 .debug_macro   0x00000c16       0x9e Drivers/STM32F4xx_HAL_Driver/Src/stm32f4xx_hal.o
 .debug_macro   0x00000cb4       0x33 Drivers/STM32F4xx_HAL_Driver/Src/stm32f4xx_hal.o
 .debug_macro   0x00000ce7       0x28 Drivers/STM32F4xx_HAL_Driver/Src/stm32f4xx_hal.o
 .debug_macro   0x00000d0f       0x22 Drivers/STM32F4xx_HAL_Driver/Src/stm32f4xx_hal.o
 .debug_macro   0x00000d31       0x87 Drivers/STM32F4xx_HAL_Driver/Src/stm32f4xx_hal.o
 .debug_macro   0x00000db8       0x44 Drivers/STM32F4xx_HAL_Driver/Src/stm32f4xx_hal.o
 .debug_macro   0x00000dfc       0xfd Drivers/STM32F4xx_HAL_Driver/Src/stm32f4xx_hal.o
 .debug_macro   0x00000ef9       0x5e Drivers/STM32F4xx_HAL_Driver/Src/stm32f4xx_hal.o
 .debug_macro   0x00000f57      0x1df Drivers/STM32F4xx_HAL_Driver/Src/stm32f4xx_hal.o
 .debug_macro   0x00001136       0x35 Drivers/STM32F4xx_HAL_Driver/Src/stm32f4xx_hal.o
 .debug_macro   0x0000116b       0x50 Drivers/STM32F4xx_HAL_Driver/Src/stm32f4xx_hal.o
 .debug_macro   0x000011bb      0xe66 Drivers/STM32F4xx_HAL_Driver/Src/stm32f4xx_hal.o
 .debug_macro   0x00002021    0x1661c Drivers/STM32F4xx_HAL_Driver/Src/stm32f4xx_hal.o
 .debug_macro   0x0001863d       0x43 Drivers/STM32F4xx_HAL_Driver/Src/stm32f4xx_hal.o
 .debug_macro   0x00018680     0x347f Drivers/STM32F4xx_HAL_Driver/Src/stm32f4xx_hal.o
 .debug_macro   0x0001baff       0x52 Drivers/STM32F4xx_HAL_Driver/Src/stm32f4xx_hal.o
 .debug_macro   0x0001bb51       0x35 Drivers/STM32F4xx_HAL_Driver/Src/stm32f4xx_hal.o
 .debug_macro   0x0001bb86       0x9c Drivers/STM32F4xx_HAL_Driver/Src/stm32f4xx_hal.o
 .debug_macro   0x0001bc22       0x16 Drivers/STM32F4xx_HAL_Driver/Src/stm32f4xx_hal.o
 .debug_macro   0x0001bc38       0x97 Drivers/STM32F4xx_HAL_Driver/Src/stm32f4xx_hal.o
 .debug_macro   0x0001bccf      0x30d Drivers/STM32F4xx_HAL_Driver/Src/stm32f4xx_hal.o
 .debug_macro   0x0001bfdc       0xfd Drivers/STM32F4xx_HAL_Driver/Src/stm32f4xx_hal.o
 .debug_macro   0x0001c0d9       0x10 Drivers/STM32F4xx_HAL_Driver/Src/stm32f4xx_hal.o
 .debug_macro   0x0001c0e9       0x52 Drivers/STM32F4xx_HAL_Driver/Src/stm32f4xx_hal.o
 .debug_macro   0x0001c13b       0x1f Drivers/STM32F4xx_HAL_Driver/Src/stm32f4xx_hal.o
 .debug_macro   0x0001c15a       0x43 Drivers/STM32F4xx_HAL_Driver/Src/stm32f4xx_hal.o
 .debug_macro   0x0001c19d       0x20 Drivers/STM32F4xx_HAL_Driver/Src/stm32f4xx_hal.o
 .debug_macro   0x0001c1bd      0x187 Drivers/STM32F4xx_HAL_Driver/Src/stm32f4xx_hal.o
 .debug_macro   0x0001c344       0x10 Drivers/STM32F4xx_HAL_Driver/Src/stm32f4xx_hal.o
 .debug_macro   0x0001c354       0x1c Drivers/STM32F4xx_HAL_Driver/Src/stm32f4xx_hal.o
 .debug_macro   0x0001c370       0x52 Drivers/STM32F4xx_HAL_Driver/Src/stm32f4xx_hal.o
 .debug_macro   0x0001c3c2       0x40 Drivers/STM32F4xx_HAL_Driver/Src/stm32f4xx_hal.o
 .debug_macro   0x0001c402       0x10 Drivers/STM32F4xx_HAL_Driver/Src/stm32f4xx_hal.o
 .debug_macro   0x0001c412       0x40 Drivers/STM32F4xx_HAL_Driver/Src/stm32f4xx_hal.o
 .debug_macro   0x0001c452       0xd7 Drivers/STM32F4xx_HAL_Driver/Src/stm32f4xx_hal.o
 .debug_macro   0x0001c529       0x16 Drivers/STM32F4xx_HAL_Driver/Src/stm32f4xx_hal.o
 .debug_macro   0x0001c53f      0x18b Drivers/STM32F4xx_HAL_Driver/Src/stm32f4xx_hal.o
 .debug_macro   0x0001c6ca       0x50 Drivers/STM32F4xx_HAL_Driver/Src/stm32f4xx_hal.o
 .debug_macro   0x0001c71a      0xc9e Drivers/STM32F4xx_HAL_Driver/Src/stm32f4xx_hal.o
 .debug_macro   0x0001d3b8      0x9e1 Drivers/STM32F4xx_HAL_Driver/Src/stm32f4xx_hal.o
 .debug_macro   0x0001dd99      0x11e Drivers/STM32F4xx_HAL_Driver/Src/stm32f4xx_hal.o
 .debug_macro   0x0001deb7      0x1a0 Drivers/STM32F4xx_HAL_Driver/Src/stm32f4xx_hal.o
 .debug_macro   0x0001e057       0x27 Drivers/STM32F4xx_HAL_Driver/Src/stm32f4xx_hal.o
 .debug_macro   0x0001e07e      0x287 Drivers/STM32F4xx_HAL_Driver/Src/stm32f4xx_hal.o
 .debug_macro   0x0001e305       0x5f Drivers/STM32F4xx_HAL_Driver/Src/stm32f4xx_hal.o
 .debug_macro   0x0001e364      0x23a Drivers/STM32F4xx_HAL_Driver/Src/stm32f4xx_hal.o
 .debug_macro   0x0001e59e      0x13a Drivers/STM32F4xx_HAL_Driver/Src/stm32f4xx_hal.o
 .debug_macro   0x0001e6d8      0x29c Drivers/STM32F4xx_HAL_Driver/Src/stm32f4xx_hal.o
 .debug_macro   0x0001e974       0x2e Drivers/STM32F4xx_HAL_Driver/Src/stm32f4xx_hal.o
 .debug_macro   0x0001e9a2      0x11e Drivers/STM32F4xx_HAL_Driver/Src/stm32f4xx_hal.o
 .debug_macro   0x0001eac0       0xe8 Drivers/STM32F4xx_HAL_Driver/Src/stm32f4xx_hal.o
 .debug_macro   0x0001eba8       0x89 Drivers/STM32F4xx_HAL_Driver/Src/stm32f4xx_hal.o
 .debug_macro   0x0001ec31      0x31a Drivers/STM32F4xx_HAL_Driver/Src/stm32f4xx_hal.o
 .debug_macro   0x0001ef4b      0x409 Drivers/STM32F4xx_HAL_Driver/Src/stm32f4xx_hal.o
 .debug_macro   0x0001f354       0xe4 Drivers/STM32F4xx_HAL_Driver/Src/stm32f4xx_hal.o
 .debug_macro   0x0001f438      0x1df Drivers/STM32F4xx_HAL_Driver/Src/stm32f4xx_hal.o
 .debug_macro   0x0001f617      0x115 Drivers/STM32F4xx_HAL_Driver/Src/stm32f4xx_hal.o
 .debug_macro   0x0001f72c      0x11e Drivers/STM32F4xx_HAL_Driver/Src/stm32f4xx_hal.o
 .debug_macro   0x0001f84a      0x318 Drivers/STM32F4xx_HAL_Driver/Src/stm32f4xx_hal_cortex.o
 .debug_macro   0x0001fb62      0x31e Drivers/STM32F4xx_HAL_Driver/Src/stm32f4xx_hal_flash.o
 .debug_macro   0x0001fe80      0x31e Drivers/STM32F4xx_HAL_Driver/Src/stm32f4xx_hal_flash_ex.o
 .debug_macro   0x0002019e      0x350 Drivers/STM32F4xx_HAL_Driver/Src/stm32f4xx_hal_gpio.o
 .debug_macro   0x000204ee      0x324 Drivers/STM32F4xx_HAL_Driver/Src/stm32f4xx_hal_pcd.o
 .debug_macro   0x00020812      0x318 Drivers/STM32F4xx_HAL_Driver/Src/stm32f4xx_hal_pcd_ex.o
 .debug_macro   0x00020b2a      0x330 Drivers/STM32F4xx_HAL_Driver/Src/stm32f4xx_hal_pwr.o
 .debug_macro   0x00020e5a      0x330 Drivers/STM32F4xx_HAL_Driver/Src/stm32f4xx_hal_pwr_ex.o
 .debug_macro   0x0002118a      0x342 Drivers/STM32F4xx_HAL_Driver/Src/stm32f4xx_hal_rcc.o
 .debug_macro   0x000214cc      0x318 Drivers/STM32F4xx_HAL_Driver/Src/stm32f4xx_hal_rcc_ex.o
 .debug_macro   0x000217e4      0x318 Drivers/STM32F4xx_HAL_Driver/Src/stm32f4xx_hal_rtc_ex.o
 .debug_macro   0x00021afc      0x326 Drivers/STM32F4xx_HAL_Driver/Src/stm32f4xx_ll_usb.o
 .debug_macro   0x00021e22      0x3e5 Middlewares/ST/STM32_USB_Device_Library/Class/DFU/Src/usbd_dfu.o
 .debug_macro   0x00022207       0x16 Middlewares/ST/STM32_USB_Device_Library/Class/DFU/Src/usbd_dfu.o
 .debug_macro   0x0002221d       0x35 Middlewares/ST/STM32_USB_Device_Library/Class/DFU/Src/usbd_dfu.o
 .debug_macro   0x00022252       0x16 Middlewares/ST/STM32_USB_Device_Library/Class/DFU/Src/usbd_dfu.o
 .debug_macro   0x00022268       0x29 Middlewares/ST/STM32_USB_Device_Library/Class/DFU/Src/usbd_dfu.o
 .debug_macro   0x00022291       0x16 Middlewares/ST/STM32_USB_Device_Library/Class/DFU/Src/usbd_dfu.o
 .debug_macro   0x000222a7       0x76 Middlewares/ST/STM32_USB_Device_Library/Class/DFU/Src/usbd_dfu.o
 .debug_macro   0x0002231d      0x1c3 Middlewares/ST/STM32_USB_Device_Library/Class/DFU/Src/usbd_dfu.o
 .debug_macro   0x000224e0      0x10a Middlewares/ST/STM32_USB_Device_Library/Class/DFU/Src/usbd_dfu.o
 .debug_macro   0x000225ea       0x1c Middlewares/ST/STM32_USB_Device_Library/Class/DFU/Src/usbd_dfu.o
 .debug_macro   0x00022606      0x3ad Middlewares/ST/STM32_USB_Device_Library/Core/Src/usbd_core.o
 .debug_macro   0x000229b3      0x1c9 Middlewares/ST/STM32_USB_Device_Library/Core/Src/usbd_core.o
 .debug_macro   0x00022b7c      0x3b7 Middlewares/ST/STM32_USB_Device_Library/Core/Src/usbd_ctlreq.o
 .debug_macro   0x00022f33      0x3b3 Middlewares/ST/STM32_USB_Device_Library/Core/Src/usbd_ioreq.o
 .debug_macro   0x000232e6      0x3f5 Src/gpio.o
 .debug_macro   0x000236db       0x9a Src/gpio.o
 .debug_macro   0x00023775       0x2e Src/gpio.o
 .debug_macro   0x000237a3      0x3f9 Src/main.o
 .debug_macro   0x00023b9c      0x318 Src/stm32f4xx_hal_msp.o
 .debug_macro   0x00023eb4      0x3f5 Src/stm32f4xx_it.o
 .debug_macro   0x000242a9      0x31e Src/system_stm32f4xx.o
 .debug_macro   0x000245c7      0x3eb Src/usbd_conf.o
 .debug_macro   0x000249b2      0x3fc Src/usbd_desc.o
 .debug_macro   0x00024dae      0x3e3 Src/usbd_dfu_flash.o
 .debug_macro   0x00025191       0x94 Src/usbd_dfu_flash.o

.debug_line     0x00000000    0x10b5a
 .debug_line    0x00000000      0x9ac Drivers/STM32F4xx_HAL_Driver/Src/stm32f4xx_hal.o
 .debug_line    0x000009ac      0xa21 Drivers/STM32F4xx_HAL_Driver/Src/stm32f4xx_hal_cortex.o
 .debug_line    0x000013cd      0xa13 Drivers/STM32F4xx_HAL_Driver/Src/stm32f4xx_hal_flash.o
 .debug_line    0x00001de0      0xa5f Drivers/STM32F4xx_HAL_Driver/Src/stm32f4xx_hal_flash_ex.o
 .debug_line    0x0000283f      0x9ee Drivers/STM32F4xx_HAL_Driver/Src/stm32f4xx_hal_gpio.o
 .debug_line    0x0000322d      0xcda Drivers/STM32F4xx_HAL_Driver/Src/stm32f4xx_hal_pcd.o
 .debug_line    0x00003f07      0x8a6 Drivers/STM32F4xx_HAL_Driver/Src/stm32f4xx_hal_pcd_ex.o
 .debug_line    0x000047ad      0x9b0 Drivers/STM32F4xx_HAL_Driver/Src/stm32f4xx_hal_pwr.o
 .debug_line    0x0000515d      0x994 Drivers/STM32F4xx_HAL_Driver/Src/stm32f4xx_hal_pwr_ex.o
 .debug_line    0x00005af1      0xb5a Drivers/STM32F4xx_HAL_Driver/Src/stm32f4xx_hal_rcc.o
 .debug_line    0x0000664b      0xe0a Drivers/STM32F4xx_HAL_Driver/Src/stm32f4xx_hal_rcc_ex.o
 .debug_line    0x00007455      0xea5 Drivers/STM32F4xx_HAL_Driver/Src/stm32f4xx_hal_rtc_ex.o
 .debug_line    0x000082fa      0xe1b Drivers/STM32F4xx_HAL_Driver/Src/stm32f4xx_ll_usb.o
 .debug_line    0x00009115      0xbbc Middlewares/ST/STM32_USB_Device_Library/Class/DFU/Src/usbd_dfu.o
 .debug_line    0x00009cd1      0xae5 Middlewares/ST/STM32_USB_Device_Library/Core/Src/usbd_core.o
 .debug_line    0x0000a7b6      0xa3a Middlewares/ST/STM32_USB_Device_Library/Core/Src/usbd_ctlreq.o
 .debug_line    0x0000b1f0      0x9af Middlewares/ST/STM32_USB_Device_Library/Core/Src/usbd_ioreq.o
 .debug_line    0x0000bb9f      0x9c3 Src/gpio.o
 .debug_line    0x0000c562      0xb0b Src/main.o
 .debug_line    0x0000d06d      0x825 Src/stm32f4xx_hal_msp.o
 .debug_line    0x0000d892      0xa1a Src/stm32f4xx_it.o
 .debug_line    0x0000e2ac      0x84c Src/system_stm32f4xx.o
 .debug_line    0x0000eaf8      0xbe3 Src/usbd_conf.o
 .debug_line    0x0000f6db      0x9c2 Src/usbd_desc.o
 .debug_line    0x0001009d      0xa3e Src/usbd_dfu_flash.o
 .debug_line    0x00010adb       0x7f startup/startup_stm32f446xx.o

.debug_str      0x00000000    0xc9bb0
 .debug_str     0x00000000    0xc48c4 Drivers/STM32F4xx_HAL_Driver/Src/stm32f4xx_hal.o
                              0xc4c79 (size before relaxing)
 .debug_str     0x000c48c4      0x394 Drivers/STM32F4xx_HAL_Driver/Src/stm32f4xx_hal_cortex.o
                              0xc49f9 (size before relaxing)
 .debug_str     0x000c4c58      0x2ef Drivers/STM32F4xx_HAL_Driver/Src/stm32f4xx_hal_flash.o
                              0xc432f (size before relaxing)
 .debug_str     0x000c4f47      0x2f1 Drivers/STM32F4xx_HAL_Driver/Src/stm32f4xx_hal_flash_ex.o
                              0xc448d (size before relaxing)
 .debug_str     0x000c5238      0x2e1 Drivers/STM32F4xx_HAL_Driver/Src/stm32f4xx_hal_gpio.o
                              0xc4407 (size before relaxing)
 .debug_str     0x000c5519      0x976 Drivers/STM32F4xx_HAL_Driver/Src/stm32f4xx_hal_pcd.o
                              0xc49dd (size before relaxing)
 .debug_str     0x000c5e8f       0x75 Drivers/STM32F4xx_HAL_Driver/Src/stm32f4xx_hal_pcd_ex.o
                              0xc4463 (size before relaxing)
 .debug_str     0x000c5f04      0x2ac Drivers/STM32F4xx_HAL_Driver/Src/stm32f4xx_hal_pwr.o
                              0xc4401 (size before relaxing)
 .debug_str     0x000c61b0      0x121 Drivers/STM32F4xx_HAL_Driver/Src/stm32f4xx_hal_pwr_ex.o
                              0xc4377 (size before relaxing)
 .debug_str     0x000c62d1      0x387 Drivers/STM32F4xx_HAL_Driver/Src/stm32f4xx_hal_rcc.o
                              0xc459b (size before relaxing)
 .debug_str     0x000c6658      0x2b4 Drivers/STM32F4xx_HAL_Driver/Src/stm32f4xx_hal_rcc_ex.o
                              0xc452a (size before relaxing)
 .debug_str     0x000c690c      0x77a Drivers/STM32F4xx_HAL_Driver/Src/stm32f4xx_hal_rtc_ex.o
                              0xc4808 (size before relaxing)
 .debug_str     0x000c7086      0x3da Drivers/STM32F4xx_HAL_Driver/Src/stm32f4xx_ll_usb.o
                              0xc49cd (size before relaxing)
 .debug_str     0x000c7460     0x166f Middlewares/ST/STM32_USB_Device_Library/Class/DFU/Src/usbd_dfu.o
                              0xc57a7 (size before relaxing)
 .debug_str     0x000c8acf      0x28d Middlewares/ST/STM32_USB_Device_Library/Core/Src/usbd_core.o
                              0xc5093 (size before relaxing)
 .debug_str     0x000c8d5c      0x103 Middlewares/ST/STM32_USB_Device_Library/Core/Src/usbd_ctlreq.o
                              0xc4fc5 (size before relaxing)
 .debug_str     0x000c8e5f       0x78 Middlewares/ST/STM32_USB_Device_Library/Core/Src/usbd_ioreq.o
                              0xc4ef2 (size before relaxing)
 .debug_str     0x000c8ed7      0x50d Src/gpio.o
                              0xc5636 (size before relaxing)
 .debug_str     0x000c93e4      0x13c Src/main.o
                              0xc6723 (size before relaxing)
 .debug_str     0x000c9520       0x27 Src/stm32f4xx_hal_msp.o
                              0xc44f9 (size before relaxing)
 .debug_str     0x000c9547       0xa1 Src/stm32f4xx_it.o
                              0xc589f (size before relaxing)
 .debug_str     0x000c95e8       0x68 Src/system_stm32f4xx.o
                              0xc418f (size before relaxing)
 .debug_str     0x000c9650      0x161 Src/usbd_conf.o
                              0xc672a (size before relaxing)
 .debug_str     0x000c97b1      0x2b9 Src/usbd_desc.o
                              0xc4e88 (size before relaxing)
 .debug_str     0x000c9a6a      0x146 Src/usbd_dfu_flash.o
                              0xc55a6 (size before relaxing)

.comment        0x00000000       0x6e
 .comment       0x00000000       0x6e Drivers/STM32F4xx_HAL_Driver/Src/stm32f4xx_hal.o
                                 0x6f (size before relaxing)
 .comment       0x0000006e       0x6f Drivers/STM32F4xx_HAL_Driver/Src/stm32f4xx_hal_cortex.o
 .comment       0x0000006e       0x6f Drivers/STM32F4xx_HAL_Driver/Src/stm32f4xx_hal_flash.o
 .comment       0x0000006e       0x6f Drivers/STM32F4xx_HAL_Driver/Src/stm32f4xx_hal_flash_ex.o
 .comment       0x0000006e       0x6f Drivers/STM32F4xx_HAL_Driver/Src/stm32f4xx_hal_gpio.o
 .comment       0x0000006e       0x6f Drivers/STM32F4xx_HAL_Driver/Src/stm32f4xx_hal_pcd.o
 .comment       0x0000006e       0x6f Drivers/STM32F4xx_HAL_Driver/Src/stm32f4xx_hal_pcd_ex.o
 .comment       0x0000006e       0x6f Drivers/STM32F4xx_HAL_Driver/Src/stm32f4xx_hal_pwr.o
 .comment       0x0000006e       0x6f Drivers/STM32F4xx_HAL_Driver/Src/stm32f4xx_hal_pwr_ex.o
 .comment       0x0000006e       0x6f Drivers/STM32F4xx_HAL_Driver/Src/stm32f4xx_hal_rcc.o
 .comment       0x0000006e       0x6f Drivers/STM32F4xx_HAL_Driver/Src/stm32f4xx_hal_rcc_ex.o
 .comment       0x0000006e       0x6f Drivers/STM32F4xx_HAL_Driver/Src/stm32f4xx_hal_rtc_ex.o
 .comment       0x0000006e       0x6f Drivers/STM32F4xx_HAL_Driver/Src/stm32f4xx_ll_usb.o
 .comment       0x0000006e       0x6f Middlewares/ST/STM32_USB_Device_Library/Class/DFU/Src/usbd_dfu.o
 .comment       0x0000006e       0x6f Middlewares/ST/STM32_USB_Device_Library/Core/Src/usbd_core.o
 .comment       0x0000006e       0x6f Middlewares/ST/STM32_USB_Device_Library/Core/Src/usbd_ctlreq.o
 .comment       0x0000006e       0x6f Middlewares/ST/STM32_USB_Device_Library/Core/Src/usbd_ioreq.o
 .comment       0x0000006e       0x6f Src/gpio.o
 .comment       0x0000006e       0x6f Src/main.o
 .comment       0x0000006e       0x6f Src/stm32f4xx_hal_msp.o
 .comment       0x0000006e       0x6f Src/stm32f4xx_it.o
 .comment       0x0000006e       0x6f Src/system_stm32f4xx.o
 .comment       0x0000006e       0x6f Src/usbd_conf.o
 .comment       0x0000006e       0x6f Src/usbd_desc.o
 .comment       0x0000006e       0x6f Src/usbd_dfu_flash.o

.debug_frame    0x00000000     0x1f7c
 .debug_frame   0x00000000      0x184 Drivers/STM32F4xx_HAL_Driver/Src/stm32f4xx_hal.o
 .debug_frame   0x00000184      0x130 Drivers/STM32F4xx_HAL_Driver/Src/stm32f4xx_hal_cortex.o
 .debug_frame   0x000002b4      0x138 Drivers/STM32F4xx_HAL_Driver/Src/stm32f4xx_hal_flash.o
 .debug_frame   0x000003ec       0xf0 Drivers/STM32F4xx_HAL_Driver/Src/stm32f4xx_hal_flash_ex.o
 .debug_frame   0x000004dc       0xd4 Drivers/STM32F4xx_HAL_Driver/Src/stm32f4xx_hal_gpio.o
 .debug_frame   0x000005b0      0x2c0 Drivers/STM32F4xx_HAL_Driver/Src/stm32f4xx_hal_pcd.o
 .debug_frame   0x00000870       0x6c Drivers/STM32F4xx_HAL_Driver/Src/stm32f4xx_hal_pcd_ex.o
 .debug_frame   0x000008dc      0x128 Drivers/STM32F4xx_HAL_Driver/Src/stm32f4xx_hal_pwr.o
 .debug_frame   0x00000a04      0x100 Drivers/STM32F4xx_HAL_Driver/Src/stm32f4xx_hal_pwr_ex.o
 .debug_frame   0x00000b04      0x138 Drivers/STM32F4xx_HAL_Driver/Src/stm32f4xx_hal_rcc.o
 .debug_frame   0x00000c3c       0xd8 Drivers/STM32F4xx_HAL_Driver/Src/stm32f4xx_hal_rcc_ex.o
 .debug_frame   0x00000d14      0x344 Drivers/STM32F4xx_HAL_Driver/Src/stm32f4xx_hal_rtc_ex.o
 .debug_frame   0x00001058      0x47c Drivers/STM32F4xx_HAL_Driver/Src/stm32f4xx_ll_usb.o
 .debug_frame   0x000014d4      0x12c Middlewares/ST/STM32_USB_Device_Library/Class/DFU/Src/usbd_dfu.o
 .debug_frame   0x00001600      0x1c0 Middlewares/ST/STM32_USB_Device_Library/Core/Src/usbd_core.o
 .debug_frame   0x000017c0       0xb0 Middlewares/ST/STM32_USB_Device_Library/Core/Src/usbd_ctlreq.o
 .debug_frame   0x00001870       0xb8 Middlewares/ST/STM32_USB_Device_Library/Core/Src/usbd_ioreq.o
 .debug_frame   0x00001928       0x34 Src/gpio.o
 .debug_frame   0x0000195c      0x100 Src/main.o
 .debug_frame   0x00001a5c       0x2c Src/stm32f4xx_hal_msp.o
 .debug_frame   0x00001a88       0xb0 Src/stm32f4xx_it.o
 .debug_frame   0x00001b38       0x30 Src/system_stm32f4xx.o
 .debug_frame   0x00001b68      0x280 Src/usbd_conf.o
 .debug_frame   0x00001de8       0xc4 Src/usbd_desc.o
 .debug_frame   0x00001eac       0xa4 Src/usbd_dfu_flash.o
 .debug_frame   0x00001f50       0x2c c:/program files (x86)/ac6/systemworkbench/plugins/fr.ac6.mcu.externaltools.arm-none.win32_1.13.1.201701200843/tools/compiler/bin/../lib/gcc/arm-none-eabi/5.4.1/../../../../arm-none-eabi/lib/armv7e-m/fpu\libc_nano.a(lib_a-init.o)
